Component: ARM Compiler 5.06 update 6 (build 750) Tool: armlink [4d35ed]

==============================================================================

Section Cross References

    startup_stm32f40_41xxx.o(STACK) refers (Special) to heapauxi.o(.text) for __use_two_region_memory
    startup_stm32f40_41xxx.o(HEAP) refers (Special) to heapauxi.o(.text) for __use_two_region_memory
    startup_stm32f40_41xxx.o(RESET) refers (Special) to heapauxi.o(.text) for __use_two_region_memory
    startup_stm32f40_41xxx.o(RESET) refers to startup_stm32f40_41xxx.o(STACK) for __initial_sp
    startup_stm32f40_41xxx.o(RESET) refers to startup_stm32f40_41xxx.o(.text) for Reset_Handler
    startup_stm32f40_41xxx.o(RESET) refers to systick.o(i.SysTick_Handler) for SysTick_Handler
    startup_stm32f40_41xxx.o(RESET) refers to usart1.o(i.USART1_IRQHandler) for USART1_IRQHandler
    startup_stm32f40_41xxx.o(RESET) refers to usart2.o(i.USART2_IRQHandler) for USART2_IRQHandler
    startup_stm32f40_41xxx.o(RESET) refers to usart3.o(i.USART3_IRQHandler) for USART3_IRQHandler
    startup_stm32f40_41xxx.o(RESET) refers to uart4.o(i.UART4_IRQHandler) for UART4_IRQHandler
    startup_stm32f40_41xxx.o(RESET) refers to led.o(i.TIM6_DAC_IRQHandler) for TIM6_DAC_IRQHandler
    startup_stm32f40_41xxx.o(RESET) refers to usart6.o(i.USART6_IRQHandler) for USART6_IRQHandler
    startup_stm32f40_41xxx.o(.text) refers (Special) to heapauxi.o(.text) for __use_two_region_memory
    startup_stm32f40_41xxx.o(.text) refers to system_stm32f4xx.o(i.SystemInit) for SystemInit
    startup_stm32f40_41xxx.o(.text) refers to __main.o(!!!main) for __main
    startup_stm32f40_41xxx.o(.text) refers to startup_stm32f40_41xxx.o(HEAP) for Heap_Mem
    startup_stm32f40_41xxx.o(.text) refers to startup_stm32f40_41xxx.o(STACK) for Stack_Mem
    main.o(i.main) refers to main.o(i.start_up) for start_up
    main.o(i.main) refers to schedule.o(i.Scheduler_Run) for Scheduler_Run
    main.o(i.main) refers to uart4.o(.data) for Code
    main.o(i.main) refers to motor_ctrl.o(.bss) for XPID
    main.o(i.start_up) refers to systick.o(i.systick_Init) for systick_Init
    main.o(i.start_up) refers to key.o(i.key_Init) for key_Init
    main.o(i.start_up) refers to oled.o(i.oled_Init) for oled_Init
    main.o(i.start_up) refers to motor.o(i.motor_Init) for motor_Init
    main.o(i.start_up) refers to dj.o(i.dj_Init) for dj_Init
    main.o(i.start_up) refers to usart1.o(i.usart1_Init) for usart1_Init
    main.o(i.start_up) refers to uart4.o(i.uart4_Init) for uart4_Init
    main.o(i.start_up) refers to usart2.o(i.usart2_Init) for usart2_Init
    main.o(i.start_up) refers to motor_ctrl.o(i.PID_Init) for PID_Init
    main.o(i.start_up) refers to schedule.o(i.Scheduler_Setup) for Scheduler_Setup
    main.o(i.start_up) refers to systick.o(i.delay_ms) for delay_ms
    main.o(i.start_up) refers to ctrl.o(.bss) for FLAG
    system_stm32f4xx.o(i.SystemCoreClockUpdate) refers to system_stm32f4xx.o(.data) for SystemCoreClock
    system_stm32f4xx.o(i.SystemInit) refers to system_stm32f4xx.o(i.SetSysClock) for SetSysClock
    usart1.o(i.ANO_DT_Data_Receive_Prepare) refers to usart1.o(.data) for state
    usart1.o(i.ANO_DT_Data_Receive_Prepare) refers to usart1.o(.bss) for RX1_Buf
    usart1.o(i.ANO_DT_Data_Receive_Prepare) refers to ctrl.o(.data) for _XY
    usart1.o(i.ANO_DT_Data_Receive_Prepare) refers to usart6.o(.data) for yaw
    usart1.o(i.USART1_IRQHandler) refers to stm32f4xx_usart.o(i.USART_GetITStatus) for USART_GetITStatus
    usart1.o(i.USART1_IRQHandler) refers to stm32f4xx_usart.o(i.USART_ClearITPendingBit) for USART_ClearITPendingBit
    usart1.o(i.USART1_IRQHandler) refers to usart1.o(i.ANO_DT_Data_Receive_Prepare) for ANO_DT_Data_Receive_Prepare
    usart1.o(i.usart1_Init) refers to stm32f4xx_rcc.o(i.RCC_APB2PeriphClockCmd) for RCC_APB2PeriphClockCmd
    usart1.o(i.usart1_Init) refers to stm32f4xx_rcc.o(i.RCC_AHB1PeriphClockCmd) for RCC_AHB1PeriphClockCmd
    usart1.o(i.usart1_Init) refers to stm32f4xx_gpio.o(i.GPIO_PinAFConfig) for GPIO_PinAFConfig
    usart1.o(i.usart1_Init) refers to stm32f4xx_gpio.o(i.GPIO_Init) for GPIO_Init
    usart1.o(i.usart1_Init) refers to stm32f4xx_usart.o(i.USART_Init) for USART_Init
    usart1.o(i.usart1_Init) refers to stm32f4xx_usart.o(i.USART_ITConfig) for USART_ITConfig
    usart1.o(i.usart1_Init) refers to stm32f4xx_usart.o(i.USART_Cmd) for USART_Cmd
    usart1.o(i.usart1_send) refers to stm32f4xx_usart.o(i.USART_ITConfig) for USART_ITConfig
    usart1.o(i.usart1_send) refers to usart1.o(.data) for Count1
    usart1.o(i.usart1_send) refers to usart1.o(.bss) for TX1_Buf
    usart2.o(i.USART2_IRQHandler) refers to stm32f4xx_usart.o(i.USART_GetITStatus) for USART_GetITStatus
    usart2.o(i.USART2_IRQHandler) refers to stm32f4xx_usart.o(i.USART_ClearITPendingBit) for USART_ClearITPendingBit
    usart2.o(i.USART2_IRQHandler) refers to usart2.o(i.usart2_data_receive_prepare) for usart2_data_receive_prepare
[...]
    i.RCC_GetClocksFreq                      0x080013fc   Section        0  stm32f4xx_rcc.o(i.RCC_GetClocksFreq)
    i.Scheduler_Run                          0x080014e4   Section        0  schedule.o(i.Scheduler_Run)
    i.Scheduler_Setup                        0x08001534   Section        0  schedule.o(i.Scheduler_Setup)
    i.SetSysClock                            0x08001584   Section        0  system_stm32f4xx.o(i.SetSysClock)
    SetSysClock                              0x08001585   Thumb Code   220  system_stm32f4xx.o(i.SetSysClock)
    i.SysTick_CLKSourceConfig                0x08001670   Section        0  misc.o(i.SysTick_CLKSourceConfig)
    i.SysTick_Handler                        0x08001698   Section        0  systick.o(i.SysTick_Handler)
    i.SystemInit                             0x080016a8   Section        0  system_stm32f4xx.o(i.SystemInit)
    i.Systick_Get_MS                         0x08001710   Section        0  systick.o(i.Systick_Get_MS)
    i.TIM6_DAC_IRQHandler                    0x0800171c   Section        0  led.o(i.TIM6_DAC_IRQHandler)
    i.TIM_ClearITPendingBit                  0x08001768   Section        0  stm32f4xx_tim.o(i.TIM_ClearITPendingBit)
    i.TIM_Cmd                                0x0800176e   Section        0  stm32f4xx_tim.o(i.TIM_Cmd)
    i.TIM_CtrlPWMOutputs                     0x08001786   Section        0  stm32f4xx_tim.o(i.TIM_CtrlPWMOutputs)
    i.TIM_GetITStatus                        0x080017a4   Section        0  stm32f4xx_tim.o(i.TIM_GetITStatus)
    i.TIM_OC1Init                            0x080017c8   Section        0  stm32f4xx_tim.o(i.TIM_OC1Init)
    i.TIM_OC2Init                            0x08001844   Section        0  stm32f4xx_tim.o(i.TIM_OC2Init)
    i.TIM_OC3Init                            0x080018e8   Section        0  stm32f4xx_tim.o(i.TIM_OC3Init)
    i.TIM_OC4Init                            0x08001988   Section        0  stm32f4xx_tim.o(i.TIM_OC4Init)
    i.TIM_TimeBaseInit                       0x08001a00   Section        0  stm32f4xx_tim.o(i.TIM_TimeBaseInit)
    i.UART4_IRQHandler                       0x08001a84   Section        0  uart4.o(i.UART4_IRQHandler)
    i.USART1_IRQHandler                      0x08001afc   Section        0  usart1.o(i.USART1_IRQHandler)
    i.USART2_IRQHandler                      0x08001b28   Section        0  usart2.o(i.USART2_IRQHandler)
    i.USART3_IRQHandler                      0x08001ba0   Section        0  usart3.o(i.USART3_IRQHandler)
    i.USART6_IRQHandler                      0x08001c18   Section        0  usart6.o(i.USART6_IRQHandler)
    i.USART_ClearITPendingBit                0x08001c90   Section        0  stm32f4xx_usart.o(i.USART_ClearITPendingBit)
    i.USART_Cmd                              0x08001cae   Section        0  stm32f4xx_usart.o(i.USART_Cmd)
    i.USART_GetITStatus                      0x08001cc6   Section        0  stm32f4xx_usart.o(i.USART_GetITStatus)
    i.USART_ITConfig                         0x08001d1a   Section        0  stm32f4xx_usart.o(i.USART_ITConfig)
    i.USART_Init                             0x08001d64   Section        0  stm32f4xx_usart.o(i.USART_Init)
    i.X_Adj                                  0x08001e38   Section        0  motor_ctrl.o(i.X_Adj)
    i.Y_Adj                                  0x08001f58   Section        0  motor_ctrl.o(i.Y_Adj)
    i.__ARM_fpclassify                       0x08002078   Section        0  fpclassify.o(i.__ARM_fpclassify)
    i.__hardfp_pow                           0x080020a8   Section        0  pow.o(i.__hardfp_pow)
    i.__kernel_poly                          0x08002cf8   Section        0  poly.o(i.__kernel_poly)
    i.__mathlib_dbl_divzero                  0x08002df0   Section        0  dunder.o(i.__mathlib_dbl_divzero)
    i.__mathlib_dbl_infnan2                  0x08002e20   Section        0  dunder.o(i.__mathlib_dbl_infnan2)
    i.__mathlib_dbl_invalid                  0x08002e38   Section        0  dunder.o(i.__mathlib_dbl_invalid)
    i.__mathlib_dbl_overflow                 0x08002e58   Section        0  dunder.o(i.__mathlib_dbl_overflow)
    i.__mathlib_dbl_underflow                0x08002e78   Section        0  dunder.o(i.__mathlib_dbl_underflow)
    i.delay_ms                               0x08002e98   Section        0  systick.o(i.delay_ms)
    i.delay_us                               0x08002eb0   Section        0  systick.o(i.delay_us)
    i.dj_Init                                0x08002ec8   Section        0  dj.o(i.dj_Init)
    i.duoji                                  0x08003058   Section        0  ctrl.o(i.duoji)
    i.fabs                                   0x08003144   Section        0  fabs.o(i.fabs)
    i.getsystick_us                          0x0800315c   Section        0  systick.o(i.getsystick_us)
    i.key1_function                          0x08003190   Section        0  key.o(i.key1_function)
    i.key2_function                          0x080031c4   Section        0  key.o(i.key2_function)
    i.key_Init                               0x080031dc   Section        0  key.o(i.key_Init)
    i.key_check                              0x080031ec   Section        0  key.o(i.key_check)
    i.key_config                             0x080032e0   Section        0  key.o(i.key_config)
    i.key_dowm_fun                           0x080033cc   Section        0  key.o(i.key_dowm_fun)
    i.key_scan                               0x080033e0   Section        0  key.o(i.key_scan)
    i.led_flash                              0x08003400   Section        0  led.o(i.led_flash)
    i.led_lightmode_check                    0x080034c4   Section        0  led.o(i.led_lightmode_check)
    i.led_reset                              0x080034e8   Section        0  led.o(i.led_reset)
    i.led_state_ctrl                         0x08003520   Section        0  led.o(i.led_state_ctrl)
    i.led_task                               0x080035cc   Section        0  led.o(i.led_task)
    i.limit                                  0x08003814   Section        0  dj_ctrl.o(i.limit)
    i.main                                   0x08003840   Section        0  main.o(i.main)
    i.motor_Init                             0x08003884   Section        0  motor.o(i.motor_Init)
    i.motor_state_Init                       0x08003980   Section        0  motor.o(i.motor_state_Init)
    i.my_delay_ms                            0x08003aac   Section        0  ctrl.o(i.my_delay_ms)
    i.oled_Init                              0x08003ad4   Section        0  oled.o(i.oled_Init)
    i.oled_clear                             0x08003c34   Section        0  oled.o(i.oled_clear)
    i.oled_show_char                         0x08003c74   Section        0  oled.o(i.oled_show_char)
    i.oled_show_num                          0x08003cd4   Section        0  oled.o(i.oled_show_num)
    i.oled_show_string                       0x08003ea4   Section        0  oled.o(i.oled_show_string)
    i.sqrt                                   0x08003eda   Section        0  sqrt.o(i.sqrt)
    i.start_up                               0x08003f48   Section        0  main.o(i.start_up)
    i.systick_Init                           0x08003fa0   Section        0  systick.o(i.systick_Init)
    i.task                                   0x08003ffc   Section        0  ctrl.o(i.task)
    i.uart4_Init                             0x08004140   Section        0  uart4.o(i.uart4_Init)
    i.uart4_data_analyse                     0x08004280   Section        0  uart4.o(i.uart4_data_analyse)
    i.uart4_data_receive_prepare             0x080042c0   Section        0  uart4.o(i.uart4_data_receive_prepare)
    i.usart1_Init                            0x08004320   Section        0  usart1.o(i.usart1_Init)
    i.usart2_Init                            0x0800445c   Section        0  usart2.o(i.usart2_Init)
    i.usart2_data_analyse                    0x08004598   Section        0  usart2.o(i.usart2_data_analyse)
    i.usart2_data_receive_prepare            0x080047a4   Section        0  usart2.o(i.usart2_data_receive_prepare)
    i.usart3_data_analyse                    0x0800485c   Section        0  usart3.o(i.usart3_data_analyse)
    i.usart3_data_receive_prepare            0x080049d0   Section        0  usart3.o(i.usart3_data_receive_prepare)
    i.usart6_data_analyse                    0x08004aa0   Section        0  usart6.o(i.usart6_data_analyse)
    i.usart6_data_receive_prepare            0x08004c04   Section        0  usart6.o(i.usart6_data_receive_prepare)
    x$fpl$basic                              0x08004cb8   Section       24  basic.o(x$fpl$basic)
    $v0                                      0x08004cb8   Number         0  basic.o(x$fpl$basic)
    x$fpl$dadd                               0x08004cd0   Section      336  daddsub_clz.o(x$fpl$dadd)
    $v0                                      0x08004cd0   Number         0  daddsub_clz.o(x$fpl$dadd)
    _dadd1                                   0x08004ce1   Thumb Code     0  daddsub_clz.o(x$fpl$dadd)
    x$fpl$dcheck1                            0x08004e20   Section       16  dcheck1.o(x$fpl$dcheck1)
    $v0                                      0x08004e20   Number         0  dcheck1.o(x$fpl$dcheck1)
    x$fpl$dcmpinf                            0x08004e30   Section       24  dcmpi.o(x$fpl$dcmpinf)
    $v0                                      0x08004e30   Number         0  dcmpi.o(x$fpl$dcmpinf)
    x$fpl$ddiv                               0x08004e48   Section      688  ddiv.o(x$fpl$ddiv)
    $v0                                      0x08004e48   Number         0  ddiv.o(x$fpl$ddiv)
    ddiv_entry                               0x08004e4f   Thumb Code     0  ddiv.o(x$fpl$ddiv)
    x$fpl$dfix                               0x080050f8   Section       94  dfix.o(x$fpl$dfix)
    $v0                                      0x080050f8   Number         0  dfix.o(x$fpl$dfix)
    x$fpl$dfixu                              0x08005158   Section       90  dfixu.o(x$fpl$dfixu)
    $v0                                      0x08005158   Number         0  dfixu.o(x$fpl$dfixu)
    x$fpl$dflt                               0x080051b2   Section       46  dflt_clz.o(x$fpl$dflt)
    $v0                                      0x080051b2   Number         0  dflt_clz.o(x$fpl$dflt)
    x$fpl$dfltu                              0x080051e0   Section       38  dflt_clz.o(x$fpl$dfltu)
    $v0                                      0x080051e0   Number         0  dflt_clz.o(x$fpl$dfltu)
    x$fpl$dleqf                              0x08005208   Section      120  dleqf.o(x$fpl$dleqf)
    $v0                                      0x08005208   Number         0  dleqf.o(x$fpl$dleqf)
    x$fpl$dmul                               0x08005280   Section      340  dmul.o(x$fpl$dmul)
    $v0                                      0x08005280   Number         0  dmul.o(x$fpl$dmul)
    x$fpl$dnaninf                            0x080053d4   Section      156  dnaninf.o(x$fpl$dnaninf)
    $v0                                      0x080053d4   Number         0  dnaninf.o(x$fpl$dnaninf)
    x$fpl$dretinf                            0x08005470   Section       12  dretinf.o(x$fpl$dretinf)
    $v0                                      0x08005470   Number         0  dretinf.o(x$fpl$dretinf)
    x$fpl$drleqf                             0x0800547c   Section      108  drleqf.o(x$fpl$drleqf)
    $v0                                      0x0800547c   Number         0  drleqf.o(x$fpl$drleqf)
    x$fpl$drsb                               0x080054e8   Section       22  daddsub_clz.o(x$fpl$drsb)
    $v0                                      0x080054e8   Number         0  daddsub_clz.o(x$fpl$drsb)
    x$fpl$dsqrt                              0x08005500   Section      408  dsqrt_umaal.o(x$fpl$dsqrt)
    $v0                                      0x08005500   Number         0  dsqrt_umaal.o(x$fpl$dsqrt)
    x$fpl$dsub                               0x08005698   Section      468  daddsub_clz.o(x$fpl$dsub)
    $v0                                      0x08005698   Number         0  daddsub_clz.o(x$fpl$dsub)
    _dsub1                                   0x080056a9   Thumb Code     0  daddsub_clz.o(x$fpl$dsub)
    x$fpl$f2d                                0x0800586c   Section       86  f2d.o(x$fpl$f2d)
    $v0                                      0x0800586c   Number         0  f2d.o(x$fpl$f2d)
    x$fpl$fnaninf                            0x080058c2   Section      140  fnaninf.o(x$fpl$fnaninf)
    $v0                                      0x080058c2   Number         0  fnaninf.o(x$fpl$fnaninf)
    x$fpl$fpinit                             0x0800594e   Section       10  fpinit.o(x$fpl$fpinit)
    $v0                                      0x0800594e   Number         0  fpinit.o(x$fpl$fpinit)
    x$fpl$retnan                             0x08005958   Section      100  retnan.o(x$fpl$retnan)
    $v0                                      0x08005958   Number         0  retnan.o(x$fpl$retnan)
    x$fpl$scalbn                             0x080059bc   Section       92  scalbn.o(x$fpl$scalbn)
    $v0                                      0x080059bc   Number         0  scalbn.o(x$fpl$scalbn)
    x$fpl$trapveneer                         0x08005a18   Section       48  trapv.o(x$fpl$trapveneer)
    $v0                                      0x08005a18   Number         0  trapv.o(x$fpl$trapveneer)
    .constdata                               0x08005a48   Section     2928  oled.o(.constdata)
    x$fpl$usenofp                            0x08005a48   Section        0  usenofp.o(x$fpl$usenofp)
    .constdata                               0x080065b8   Section      136  pow.o(.constdata)
    bp                                       0x080065b8   Data          16  pow.o(.constdata)
    dp_h                                     0x080065c8   Data          16  pow.o(.constdata)
    dp_l                                     0x080065d8   Data          16  pow.o(.constdata)
    L                                        0x080065e8   Data          48  pow.o(.constdata)
    P                                        0x08006618   Data          40  pow.o(.constdata)
    .constdata                               0x08006640   Section        8  qnan.o(.constdata)
    .data                                    0x20000000   Section       10  usart1.o(.data)
    data_len                                 0x20000007   Data           1  usart1.o(.data)
    R_num                                    0x20000008   Data           1  usart1.o(.data)
    state                                    0x20000009   Data           1  usart1.o(.data)
    .data                                    0x2000000c   Section       11  usart2.o(.data)
    _data_len                                0x20000014   Data           1  usart2.o(.data)
    _data_cnt                                0x20000015   Data           1  usart2.o(.data)
    state                                    0x20000016   Data           1  usart2.o(.data)
    .data                                    0x20000017   Section        5  usart3.o(.data)
    _data_len                                0x20000019   Data           1  usart3.o(.data)
    _data_cnt                                0x2000001a   Data           1  usart3.o(.data)
    state                                    0x2000001b   Data           1  usart3.o(.data)
    .data                                    0x2000001c   Section       17  uart4.o(.data)
    state                                    0x2000002c   Data           1  uart4.o(.data)
    .data                                    0x20000030   Section       29  usart6.o(.data)
    time                                     0x20000048   Data           1  usart6.o(.data)
    flag                                     0x20000049   Data           1  usart6.o(.data)
    _data_len                                0x2000004a   Data           1  usart6.o(.data)
    _data_cnt                                0x2000004b   Data           1  usart6.o(.data)
    state                                    0x2000004c   Data           1  usart6.o(.data)
    .data                                    0x20000050   Section        4  systick.o(.data)
    .data                                    0x20000054   Section       56  led.o(.data)
    cnt                                      0x20000080   Data           3  led.o(.data)
    step                                     0x20000083   Data           3  led.o(.data)
    cnt                                      0x20000088   Data           4  led.o(.data)
    .data                                    0x2000008c   Section       80  key.o(.data)
    .data                                    0x200000dc   Section       20  dj.o(.data)
    .data                                    0x200000f0   Section       14  motor_ctrl.o(.data)
    X_out                                    0x200000f0   Data           2  motor_ctrl.o(.data)
    Y_out                                    0x200000f2   Data           2  motor_ctrl.o(.data)
    A_out                                    0x200000f4   Data           2  motor_ctrl.o(.data)
    speed                                    0x200000f6   Data           8  motor_ctrl.o(.data)
    .data                                    0x200000fe   Section      240  dj_ctrl.o(.data)
    .data                                    0x200001f0   Section       89  ctrl.o(.data)
    step                                     0x20000244   Data           1  ctrl.o(.data)
    T_Flag                                   0x20000245   Data           1  ctrl.o(.data)
    target                                   0x20000246   Data           1  ctrl.o(.data)
    k                                        0x20000247   Data           1  ctrl.o(.data)
    Task_Step                                0x20000248   Data           1  ctrl.o(.data)
    .data                                    0x2000024c   Section       84  schedule.o(.data)
    .data                                    0x200002a0   Section       16  stm32f4xx_rcc.o(.data)
    APBAHBPrescTable                         0x200002a0   Data          16  stm32f4xx_rcc.o(.data)
    .bss                                     0x200002b0   Section      700  usart1.o(.bss)
    .bss                                     0x2000056c   Section      324  usart2.o(.bss)
    .bss                                     0x200006b0   Section      320  usart3.o(.bss)
    .bss                                     0x200007f0   Section      506  uart4.o(.bss)
    .bss                                     0x200009ea   Section      306  usart6.o(.bss)
    .bss                                     0x20000b1c   Section       12  led.o(.bss)
    .bss                                     0x20000b28   Section      132  motor_ctrl.o(.bss)
    .bss                                     0x20000bac   Section       10  dj_ctrl.o(.bss)
    .bss                                     0x20000bb8   Section       32  ctrl.o(.bss)
    .bss                                     0x20000bd8   Section       96  libspace.o(.bss)
    HEAP                                     0x20000c38   Section      512  startup_stm32f40_41xxx.o(HEAP)
    Heap_Mem                                 0x20000c38   Data         512  startup_stm32f40_41xxx.o(HEAP)
    STACK                                    0x20000e38   Section     1024  startup_stm32f40_41xxx.o(STACK)
    Stack_Mem                                0x20000e38   Data        1024  startup_stm32f40_41xxx.o(STACK)
    __initial_sp                             0x20001238   Data           0  startup_stm32f40_41xxx.o(STACK)

    Global Symbols

    Symbol Name                              Value     Ov Type        Size  Object(Section)

    BuildAttributes$$THM_ISAv4$E$P$D$K$B$S$7EM$VFPi3$EXTD16$VFPS$VFMA$PE$A:L22UL41UL21$X:L11$S22US41US21$IEEE1$IW$USESV6$~STKCKD$USESV7$~SHL$OTIME$ROPI$IEEEX$EBA8$UX$STANDARDLIB$REQ8$PRES8$EABIv2 0x00000000   Number         0  anon$$obj.o ABSOLUTE
    __ARM_use_no_argv                        0x00000000   Number         0  main.o ABSOLUTE
    __ARM_exceptions_init                     - Undefined Weak Reference
    __alloca_initialize                       - Undefined Weak Reference
    __arm_preinit_                            - Undefined Weak Reference
    __cpp_initialize__aeabi_                  - Undefined Weak Reference
    __cxa_finalize                            - Undefined Weak Reference
    __rt_locale                               - Undefined Weak Reference
    __sigvec_lookup                           - Undefined Weak Reference
    _atexit_init                              - Undefined Weak Reference
    _call_atexit_fns                          - Undefined Weak Reference
    _clock_init                               - Undefined Weak Reference
    _fp_trap_init                             - Undefined Weak Reference
    _fp_trap_shutdown                         - Undefined Weak Reference
    _get_lc_collate                           - Undefined Weak Reference
    _get_lc_ctype                             - Undefined Weak Reference
    _get_lc_monetary                          - Undefined Weak Reference
    _get_lc_numeric                           - Undefined Weak Reference
    _get_lc_time                              - Undefined Weak Reference
    _getenv_init                              - Undefined Weak Reference
    _handle_redirection                       - Undefined Weak Reference
    _init_alloc                               - Undefined Weak Reference
    _init_user_alloc                          - Undefined Weak Reference
    _initio                                   - Undefined Weak Reference
    _rand_init                                - Undefined Weak Reference
    _signal_finish                            - Undefined Weak Reference
    _signal_init                              - Undefined Weak Reference
    _terminate_alloc                          - Undefined Weak Reference
    _terminate_user_alloc                     - Undefined Weak Reference
    _terminateio                              - Undefined Weak Reference
    __Vectors_Size                           0x00000188   Number         0  startup_stm32f40_41xxx.o ABSOLUTE
    __Vectors                                0x08000000   Data           4  startup_stm32f40_41xxx.o(RESET)
    __Vectors_End                            0x08000188   Data           0  startup_stm32f40_41xxx.o(RESET)
    __main                                   0x08000189   Thumb Code     8  __main.o(!!!main)
    __scatterload                            0x08000191   Thumb Code     0  __scatter.o(!!!scatter)
    __scatterload_rt2                        0x08000191   Thumb Code    44  __scatter.o(!!!scatter)
    __scatterload_rt2_thumb_only             0x08000191   Thumb Code     0  __scatter.o(!!!scatter)
    __scatterload_null                       0x0800019f   Thumb Code     0  __scatter.o(!!!scatter)
    __decompress                             0x080001c5   Thumb Code    90  __dczerorl2.o(!!dczerorl2)
    __decompress1                            0x080001c5   Thumb Code     0  __dczerorl2.o(!!dczerorl2)
    __scatterload_zeroinit                   0x08000221   Thumb Code    28  __scatter_zi.o(!!handler_zi)
    __rt_lib_init                            0x0800023d   Thumb Code     0  libinit.o(.ARM.Collect$$libinit$$00000000)
    __rt_lib_init_fp_1                       0x0800023f   Thumb Code     0  libinit2.o(.ARM.Collect$$libinit$$00000001)
    __rt_lib_init_alloca_1                   0x08000243   Thumb Code     0  libinit2.o(.ARM.Collect$$libinit$$0000002E)
    __rt_lib_init_argv_1                     0x08000243   Thumb Code     0  libinit2.o(.ARM.Collect$$libinit$$0000002C)
    __rt_lib_init_atexit_1                   0x08000243   Thumb Code     0  libinit2.o(.ARM.Collect$$libinit$$0000001B)
    __rt_lib_init_clock_1                    0x08000243   Thumb Code     0  libinit2.o(.ARM.Collect$$libinit$$00000021)
    __rt_lib_init_cpp_1                      0x08000243   Thumb Code     0  libinit2.o(.ARM.Collect$$libinit$$00000032)
    __rt_lib_init_exceptions_1               0x08000243   Thumb Code     0  libinit2.o(.ARM.Collect$$libinit$$00000030)
    __rt_lib_init_fp_trap_1                  0x08000243   Thumb Code     0  libinit2.o(.ARM.Collect$$libinit$$0000001F)
    __rt_lib_init_getenv_1                   0x08000243   Thumb Code     0  libinit2.o(.ARM.Collect$$libinit$$00000023)
    __rt_lib_init_heap_1                     0x08000243   Thumb Code     0  libinit2.o(.ARM.Collect$$libinit$$0000000A)
    __rt_lib_init_lc_collate_1               0x08000243   Thumb Code     0  libinit2.o(.ARM.Collect$$libinit$$00000011)
    __rt_lib_init_lc_ctype_1                 0x08000243   Thumb Code     0  libinit2.o(.ARM.Collect$$libinit$$00000013)
    __rt_lib_init_lc_monetary_1              0x08000243   Thumb Code     0  libinit2.o(.ARM.Collect$$libinit$$00000015)
    __rt_lib_init_lc_numeric_1               0x08000243   Thumb Code     0  libinit2.o(.ARM.Collect$$libinit$$00000017)
    __rt_lib_init_lc_time_1                  0x08000243   Thumb Code     0  libinit2.o(.ARM.Collect$$libinit$$00000019)
    __rt_lib_init_preinit_1                  0x08000243   Thumb Code     0  libinit2.o(.ARM.Collect$$libinit$$00000004)
    __rt_lib_init_rand_1                     0x08000243   Thumb Code     0  libinit2.o(.ARM.Collect$$libinit$$0000000E)
    __rt_lib_init_return                     0x08000243   Thumb Code     0  libinit2.o(.ARM.Collect$$libinit$$00000033)
    __rt_lib_init_signal_1                   0x08000243   Thumb Code     0  libinit2.o(.ARM.Collect$$libinit$$0000001D)
    __rt_lib_init_stdio_1                    0x08000243   Thumb Code     0  libinit2.o(.ARM.Collect$$libinit$$00000025)
    __rt_lib_init_user_alloc_1               0x08000243   Thumb Code     0  libinit2.o(.ARM.Collect$$libinit$$0000000C)
    __rt_lib_shutdown                        0x08000245   Thumb Code     0  libshutdown.o(.ARM.Collect$$libshutdown$$00000000)
    __rt_lib_shutdown_cpp_1                  0x08000247   Thumb Code     0  libshutdown2.o(.ARM.Collect$$libshutdown$$00000002)
    __rt_lib_shutdown_fp_trap_1              0x08000247   Thumb Code     0  libshutdown2.o(.ARM.Collect$$libshutdown$$00000007)
    __rt_lib_shutdown_heap_1                 0x08000247   Thumb Code     0  libshutdown2.o(.ARM.Collect$$libshutdown$$0000000F)
    __rt_lib_shutdown_return                 0x08000247   Thumb Code     0  libshutdown2.o(.ARM.Collect$$libshutdown$$00000010)
    __rt_lib_shutdown_signal_1               0x08000247   Thumb Code     0  libshutdown2.o(.ARM.Collect$$libshutdown$$0000000A)
    __rt_lib_shutdown_stdio_1                0x08000247   Thumb Code     0  libshutdown2.o(.ARM.Collect$$libshutdown$$00000004)
    __rt_lib_shutdown_user_alloc_1           0x08000247   Thumb Code     0  libshutdown2.o(.ARM.Collect$$libshutdown$$0000000C)
    __rt_entry                               0x08000249   Thumb Code     0  __rtentry.o(.ARM.Collect$$rtentry$$00000000)
    __rt_entry_presh_1                       0x08000249   Thumb Code     0  __rtentry2.o(.ARM.Collect$$rtentry$$00000002)
    __rt_entry_sh                            0x08000249   Thumb Code     0  __rtentry4.o(.ARM.Collect$$rtentry$$00000004)
    __rt_entry_li                            0x0800024f   Thumb Code     0  __rtentry2.o(.ARM.Collect$$rtentry$$0000000A)
    __rt_entry_postsh_1                      0x0800024f   Thumb Code     0  __rtentry2.o(.ARM.Collect$$rtentry$$00000009)
    __rt_entry_main                          0x08000253   Thumb Code     0  __rtentry2.o(.ARM.Collect$$rtentry$$0000000D)
    __rt_entry_postli_1                      0x08000253   Thumb Code     0  __rtentry2.o(.ARM.Collect$$rtentry$$0000000C)
    __rt_exit                                0x0800025b   Thumb Code     0  rtexit.o(.ARM.Collect$$rtexit$$00000000)
    __rt_exit_ls                             0x0800025d   Thumb Code     0  rtexit2.o(.ARM.Collect$$rtexit$$00000003)
    __rt_exit_prels_1                        0x0800025d   Thumb Code     0  rtexit2.o(.ARM.Collect$$rtexit$$00000002)
    __rt_exit_exit                           0x08000261   Thumb Code     0  rtexit2.o(.ARM.Collect$$rtexit$$00000004)
    Reset_Handler                            0x08000269   Thumb Code     8  startup_stm32f40_41xxx.o(.text)
    NMI_Handler                              0x08000271   Thumb Code     2  startup_stm32f40_41xxx.o(.text)
    HardFault_Handler                        0x08000273   Thumb Code     2  startup_stm32f40_41xxx.o(.text)
    MemManage_Handler                        0x08000275   Thumb Code     2  startup_stm32f40_41xxx.o(.text)
    BusFault_Handler                         0x08000277   Thumb Code     2  startup_stm32f40_41xxx.o(.text)
    UsageFault_Handler                       0x08000279   Thumb Code     2  startup_stm32f40_41xxx.o(.text)
    SVC_Handler                              0x0800027b   Thumb Code     2  startup_stm32f40_41xxx.o(.text)
    DebugMon_Handler                         0x0800027d   Thumb Code     2  startup_stm32f40_41xxx.o(.text)
    PendSV_Handler                           0x0800027f   Thumb Code     2  startup_stm32f40_41xxx.o(.text)
    ADC_IRQHandler                           0x08000283   Thumb Code     0  startup_stm32f40_41xxx.o(.text)
    CAN1_RX0_IRQHandler                      0x08000283   Thumb Code     0  startup_stm32f40_41xxx.o(.text)
    CAN1_RX1_IRQHandler                      0x08000283   Thumb Code     0  startup_stm32f40_41xxx.o(.text)
    CAN1_SCE_IRQHandler                      0x08000283   Thumb Code     0  startup_stm32f40_41xxx.o(.text)
    CAN1_TX_IRQHandler                       0x08000283   Thumb Code     0  startup_stm32f40_41xxx.o(.text)
    CAN2_RX0_IRQHandler                      0x08000283   Thumb Code     0  startup_stm32f40_41xxx.o(.text)
    CAN2_RX1_IRQHandler                      0x08000283   Thumb Code     0  startup_stm32f40_41xxx.o(.text)
    CAN2_SCE_IRQHandler                      0x08000283   Thumb Code     0  startup_stm32f40_41xxx.o(.text)
    CAN2_TX_IRQHandler                       0x08000283   Thumb Code     0  startup_stm32f40_41xxx.o(.text)
    CRYP_IRQHandler                          0x08000283   Thumb Code     0  startup_stm32f40_41xxx.o(.text)
    DCMI_IRQHandler                          0x08000283   Thumb Code     0  startup_stm32f40_41xxx.o(.text)
    DMA1_Stream0_IRQHandler                  0x08000283   Thumb Code     0  startup_stm32f40_41xxx.o(.text)
    DMA1_Stream1_IRQHandler                  0x08000283   Thumb Code     0  startup_stm32f40_41xxx.o(.text)
    DMA1_Stream2_IRQHandler                  0x08000283   Thumb Code     0  startup_stm32f40_41xxx.o(.text)
    DMA1_Stream3_IRQHandler                  0x08000283   Thumb Code     0  startup_stm32f40_41xxx.o(.text)
    DMA1_Stream4_IRQHandler                  0x08000283   Thumb Code     0  startup_stm32f40_41xxx.o(.text)
    DMA1_Stream5_IRQHandler                  0x08000283   Thumb Code     0  startup_stm32f40_41xxx.o(.text)
    DMA1_Stream6_IRQHandler                  0x08000283   Thumb Code     0  startup_stm32f40_41xxx.o(.text)
    DMA1_Stream7_IRQHandler                  0x08000283   Thumb Code     0  startup_stm32f40_41xxx.o(.text)
    DMA2_Stream0_IRQHandler                  0x08000283   Thumb Code     0  startup_stm32f40_41xxx.o(.text)
    DMA2_Stream1_IRQHandler                  0x08000283   Thumb Code     0  startup_stm32f40_41xxx.o(.text)
    DMA2_Stream2_IRQHandler                  0x08000283   Thumb Code     0  startup_stm32f40_41xxx.o(.text)
    DMA2_Stream3_IRQHandler                  0x08000283   Thumb Code     0  startup_stm32f40_41xxx.o(.text)
    DMA2_Stream4_IRQHandler                  0x08000283   Thumb Code     0  startup_stm32f40_41xxx.o(.text)
    DMA2_Stream5_IRQHandler                  0x08000283   Thumb Code     0  startup_stm32f40_41xxx.o(.text)
    DMA2_Stream6_IRQHandler                  0x08000283   Thumb Code     0  startup_stm32f40_41xxx.o(.text)
    DMA2_Stream7_IRQHandler                  0x08000283   Thumb Code     0  startup_stm32f40_41xxx.o(.text)
    ETH_IRQHandler                           0x08000283   Thumb Code     0  startup_stm32f40_41xxx.o(.text)
    ETH_WKUP_IRQHandler                      0x08000283   Thumb Code     0  startup_stm32f40_41xxx.o(.text)
    EXTI0_IRQHandler                         0x08000283   Thumb Code     0  startup_stm32f40_41xxx.o(.text)
    EXTI15_10_IRQHandler                     0x08000283   Thumb Code     0  startup_stm32f40_41xxx.o(.text)
    EXTI1_IRQHandler                         0x08000283   Thumb Code     0  startup_stm32f40_41xxx.o(.text)
    EXTI2_IRQHandler                         0x08000283   Thumb Code     0  startup_stm32f40_41xxx.o(.text)
    EXTI3_IRQHandler                         0x08000283   Thumb Code     0  startup_stm32f40_41xxx.o(.text)
    EXTI4_IRQHandler                         0x08000283   Thumb Code     0  startup_stm32f40_41xxx.o(.text)
    EXTI9_5_IRQHandler                       0x08000283   Thumb Code     0  startup_stm32f40_41xxx.o(.text)
    FLASH_IRQHandler                         0x08000283   Thumb Code     0  startup_stm32f40_41xxx.o(.text)
    FPU_IRQHandler                           0x08000283   Thumb Code     0  startup_stm32f40_41xxx.o(.text)
    FSMC_IRQHandler                          0x08000283   Thumb Code     0  startup_stm32f40_41xxx.o(.text)
    HASH_RNG_IRQHandler                      0x08000283   Thumb Code     0  startup_stm32f40_41xxx.o(.text)
    I2C1_ER_IRQHandler                       0x08000283   Thumb Code     0  startup_stm32f40_41xxx.o(.text)
    I2C1_EV_IRQHandler                       0x08000283   Thumb Code     0  startup_stm32f40_41xxx.o(.text)
    I2C2_ER_IRQHandler                       0x08000283   Thumb Code     0  startup_stm32f40_41xxx.o(.text)
    I2C2_EV_IRQHandler                       0x08000283   Thumb Code     0  startup_stm32f40_41xxx.o(.text)
    I2C3_ER_IRQHandler                       0x08000283   Thumb Code     0  startup_stm32f40_41xxx.o(.text)
    I2C3_EV_IRQHandler                       0x08000283   Thumb Code     0  startup_stm32f40_41xxx.o(.text)
    OTG_FS_IRQHandler                        0x08000283   Thumb Code     0  startup_stm32f40_41xxx.o(.text)
    OTG_FS_WKUP_IRQHandler                   0x08000283   Thumb Code     0  startup_stm32f40_41xxx.o(.text)
    OTG_HS_EP1_IN_IRQHandler                 0x08000283   Thumb Code     0  startup_stm32f40_41xxx.o(.text)
    OTG_HS_EP1_OUT_IRQHandler                0x08000283   Thumb Code     0  startup_stm32f40_41xxx.o(.text)
    OTG_HS_IRQHandler                        0x08000283   Thumb Code     0  startup_stm32f40_41xxx.o(.text)
    OTG_HS_WKUP_IRQHandler                   0x08000283   Thumb Code     0  startup_stm32f40_41xxx.o(.text)
    PVD_IRQHandler                           0x08000283   Thumb Code     0  startup_stm32f40_41xxx.o(.text)
    RCC_IRQHandler                           0x08000283   Thumb Code     0  startup_stm32f40_41xxx.o(.text)
    RTC_Alarm_IRQHandler                     0x08000283   Thumb Code     0  startup_stm32f40_41xxx.o(.text)
    RTC_WKUP_IRQHandler                      0x08000283   Thumb Code     0  startup_stm32f40_41xxx.o(.text)
    SDIO_IRQHandler                          0x08000283   Thumb Code     0  startup_stm32f40_41xxx.o(.text)
    SPI1_IRQHandler                          0x08000283   Thumb Code     0  startup_stm32f40_41xxx.o(.text)
    SPI2_IRQHandler                          0x08000283   Thumb Code     0  startup_stm32f40_41xxx.o(.text)
    SPI3_IRQHandler                          0x08000283   Thumb Code     0  startup_stm32f40_41xxx.o(.text)
    TAMP_STAMP_IRQHandler                    0x08000283   Thumb Code     0  startup_stm32f40_41xxx.o(.text)
    TIM1_BRK_TIM9_IRQHandler                 0x08000283   Thumb Code     0  startup_stm32f40_41xxx.o(.text)
    TIM1_CC_IRQHandler                       0x08000283   Thumb Code     0  startup_stm32f40_41xxx.o(.text)
    TIM1_TRG_COM_TIM11_IRQHandler            0x08000283   Thumb Code     0  startup_stm32f40_41xxx.o(.text)
    TIM1_UP_TIM10_IRQHandler                 0x08000283   Thumb Code     0  startup_stm32f40_41xxx.o(.text)
    TIM2_IRQHandler                          0x08000283   Thumb Code     0  startup_stm32f40_41xxx.o(.text)
    TIM3_IRQHandler                          0x08000283   Thumb Code     0  startup_stm32f40_41xxx.o(.text)
    TIM4_IRQHandler                          0x08000283   Thumb Code     0  startup_stm32f40_41xxx.o(.text)
    TIM5_IRQHandler                          0x08000283   Thumb Code     0  startup_stm32f40_41xxx.o(.text)
    TIM7_IRQHandler                          0x08000283   Thumb Code     0  startup_stm32f40_41xxx.o(.text)
    TIM8_BRK_TIM12_IRQHandler                0x08000283   Thumb Code     0  startup_stm32f40_41xxx.o(.text)
    TIM8_CC_IRQHandler                       0x08000283   Thumb Code     0  startup_stm32f40_41xxx.o(.text)
    TIM8_TRG_COM_TIM14_IRQHandler            0x08000283   Thumb Code     0  startup_stm32f40_41xxx.o(.text)
    TIM8_UP_TIM13_IRQHandler                 0x08000283   Thumb Code     0  startup_stm32f40_41xxx.o(.text)
    UART5_IRQHandler                         0x08000283   Thumb Code     0  startup_stm32f40_41xxx.o(.text)
    WWDG_IRQHandler                          0x08000283   Thumb Code     0  startup_stm32f40_41xxx.o(.text)
    __user_initial_stackheap                 0x08000285   Thumb Code     0  startup_stm32f40_41xxx.o(.text)
    __aeabi_memclr4                          0x080002a9   Thumb Code     0  rt_memclr_w.o(.text)
    __aeabi_memclr8                          0x080002a9   Thumb Code     0  rt_memclr_w.o(.text)
    __rt_memclr_w                            0x080002a9   Thumb Code    78  rt_memclr_w.o(.text)
    _memset_w                                0x080002ad   Thumb Code     0  rt_memclr_w.o(.text)
    __use_two_region_memory                  0x080002f7   Thumb Code     2  heapauxi.o(.text)
    __rt_heap_escrow$2region                 0x080002f9   Thumb Code     2  heapauxi.o(.text)
    __rt_heap_expand$2region                 0x080002fb   Thumb Code     2  heapauxi.o(.text)
    __read_errno                             0x080002fd   Thumb Code    10  _rserrno.o(.text)
    __set_errno                              0x08000307   Thumb Code    12  _rserrno.o(.text)
    __aeabi_errno_addr                       0x08000315   Thumb Code     8  rt_errno_addr_intlibspace.o(.text)
    __errno$intlibspace                      0x08000315   Thumb Code     0  rt_errno_addr_intlibspace.o(.text)
    __rt_errno_addr$intlibspace              0x08000315   Thumb Code     0  rt_errno_addr_intlibspace.o(.text)
    __user_libspace                          0x0800031d   Thumb Code     8  libspace.o(.text)
    __user_perproc_libspace                  0x0800031d   Thumb Code     0  libspace.o(.text)
    __user_perthread_libspace                0x0800031d   Thumb Code     0  libspace.o(.text)
    __user_setup_stackheap                   0x08000325   Thumb Code    74  sys_stackheap_outer.o(.text)
    exit                                     0x0800036f   Thumb Code    18  exit.o(.text)
    _sys_exit                                0x08000381   Thumb Code     8  sys_exit.o(.text)
    __I$use$semihosting                      0x0800038d   Thumb Code     0  use_no_semi.o(.text)
    __use_no_semihosting_swi                 0x0800038d   Thumb Code     2  use_no_semi.o(.text)
    __semihosting_library_function           0x0800038f   Thumb Code     0  indicate_semi.o(.text)
    ANO_DT_Data_Receive_Prepare              0x08000391   Thumb Code   278  usart1.o(i.ANO_DT_Data_Receive_Prepare)
    A_Adj                                    0x080004c1   Thumb Code   276  motor_ctrl.o(i.A_Adj)
    DJ_Ctrl                                  0x080005dd   Thumb Code   218  dj_ctrl.o(i.DJ_Ctrl)
    DJ_Limit                                 0x080006c9   Thumb Code   144  dj_ctrl.o(i.DJ_Limit)
    DJ_Set                                   0x08000771   Thumb Code    78  dj_ctrl.o(i.DJ_Set)
    GPIO_Init                                0x080007d1   Thumb Code   144  stm32f4xx_gpio.o(i.GPIO_Init)
    GPIO_PinAFConfig                         0x08000861   Thumb Code    70  stm32f4xx_gpio.o(i.GPIO_PinAFConfig)
    GPIO_ReadInputDataBit                    0x080008a7   Thumb Code    18  stm32f4xx_gpio.o(i.GPIO_ReadInputDataBit)
    GPIO_ResetBits                           0x080008b9   Thumb Code     4  stm32f4xx_gpio.o(i.GPIO_ResetBits)
    GPIO_SetBits                             0x080008bd   Thumb Code     4  stm32f4xx_gpio.o(i.GPIO_SetBits)
    Get_And_Put_thing                        0x080008c1   Thumb Code  1216  ctrl.o(i.Get_And_Put_thing)
    Loop_1000Hz                              0x08000d99   Thumb Code    20  schedule.o(i.Loop_1000Hz)
    Loop_100Hz                               0x08000db1   Thumb Code     8  schedule.o(i.Loop_100Hz)
    Loop_200Hz                               0x08000db9   Thumb Code     2  schedule.o(i.Loop_200Hz)
    Loop_20Hz                                0x08000dbb   Thumb Code     2  schedule.o(i.Loop_20Hz)
    Loop_2Hz                                 0x08000dbd   Thumb Code     2  schedule.o(i.Loop_2Hz)
    Loop_500Hz                               0x08000dbf   Thumb Code     2  schedule.o(i.Loop_500Hz)
    Loop_50Hz                                0x08000dc1   Thumb Code    30  schedule.o(i.Loop_50Hz)
    Move_Ctrl                                0x08000de9   Thumb Code   636  motor_ctrl.o(i.Move_Ctrl)
    OLED_Set_Pos                             0x08001099   Thumb Code    46  oled.o(i.OLED_Set_Pos)
    OLED_WR_Byte                             0x080010c9   Thumb Code   108  oled.o(i.OLED_WR_Byte)
    Oled_Init_Show                           0x08001139   Thumb Code    44  oled.o(i.Oled_Init_Show)
    Oled_Refresh                             0x08001179   Thumb Code   244  oled.o(i.Oled_Refresh)
    PID_Init                                 0x0800127d   Thumb Code   254  motor_ctrl.o(i.PID_Init)
    RCC_AHB1PeriphClockCmd                   0x0800139d   Thumb Code    26  stm32f4xx_rcc.o(i.RCC_AHB1PeriphClockCmd)
    RCC_APB1PeriphClockCmd                   0x080013bd   Thumb Code    26  stm32f4xx_rcc.o(i.RCC_APB1PeriphClockCmd)
    RCC_APB2PeriphClockCmd                   0x080013dd   Thumb Code    26  stm32f4xx_rcc.o(i.RCC_APB2PeriphClockCmd)
    RCC_GetClocksFreq                        0x080013fd   Thumb Code   214  stm32f4xx_rcc.o(i.RCC_GetClocksFreq)
    Scheduler_Run                            0x080014e5   Thumb Code    76  schedule.o(i.Scheduler_Run)
    Scheduler_Setup                          0x08001535   Thumb Code    76  schedule.o(i.Scheduler_Setup)
    SysTick_CLKSourceConfig                  0x08001671   Thumb Code    40  misc.o(i.SysTick_CLKSourceConfig)
    SysTick_Handler                          0x08001699   Thumb Code    12  systick.o(i.SysTick_Handler)
    SystemInit                               0x080016a9   Thumb Code    88  system_stm32f4xx.o(i.SystemInit)
    Systick_Get_MS                           0x08001711   Thumb Code     6  systick.o(i.Systick_Get_MS)
    TIM6_DAC_IRQHandler                      0x0800171d   Thumb Code    62  led.o(i.TIM6_DAC_IRQHandler)
    TIM_ClearITPendingBit                    0x08001769   Thumb Code     6  stm32f4xx_tim.o(i.TIM_ClearITPendingBit)
    TIM_Cmd                                  0x0800176f   Thumb Code    24  stm32f4xx_tim.o(i.TIM_Cmd)
    TIM_CtrlPWMOutputs                       0x08001787   Thumb Code    30  stm32f4xx_tim.o(i.TIM_CtrlPWMOutputs)
    TIM_GetITStatus                          0x080017a5   Thumb Code    34  stm32f4xx_tim.o(i.TIM_GetITStatus)
    TIM_OC1Init                              0x080017c9   Thumb Code   114  stm32f4xx_tim.o(i.TIM_OC1Init)
    TIM_OC2Init                              0x08001845   Thumb Code   154  stm32f4xx_tim.o(i.TIM_OC2Init)
    TIM_OC3Init                              0x080018e9   Thumb Code   150  stm32f4xx_tim.o(i.TIM_OC3Init)
    TIM_OC4Init                              0x08001989   Thumb Code   112  stm32f4xx_tim.o(i.TIM_OC4Init)
    TIM_TimeBaseInit                         0x08001a01   Thumb Code   104  stm32f4xx_tim.o(i.TIM_TimeBaseInit)
    UART4_IRQHandler                         0x08001a85   Thumb Code   102  uart4.o(i.UART4_IRQHandler)
    USART1_IRQHandler                        0x08001afd   Thumb Code    38  usart1.o(i.USART1_IRQHandler)
    USART2_IRQHandler                        0x08001b29   Thumb Code   102  usart2.o(i.USART2_IRQHandler)
    USART3_IRQHandler                        0x08001ba1   Thumb Code   102  usart3.o(i.USART3_IRQHandler)
    USART6_IRQHandler                        0x08001c19   Thumb Code   102  usart6.o(i.USART6_IRQHandler)
    USART_ClearITPendingBit                  0x08001c91   Thumb Code    30  stm32f4xx_usart.o(i.USART_ClearITPendingBit)
    USART_Cmd                                0x08001caf   Thumb Code    24  stm32f4xx_usart.o(i.USART_Cmd)
    USART_GetITStatus                        0x08001cc7   Thumb Code    84  stm32f4xx_usart.o(i.USART_GetITStatus)
    USART_ITConfig                           0x08001d1b   Thumb Code    74  stm32f4xx_usart.o(i.USART_ITConfig)
    USART_Init                               0x08001d65   Thumb Code   204  stm32f4xx_usart.o(i.USART_Init)
    X_Adj                                    0x08001e39   Thumb Code   280  motor_ctrl.o(i.X_Adj)
    Y_Adj                                    0x08001f59   Thumb Code   280  motor_ctrl.o(i.Y_Adj)
    __ARM_fpclassify                         0x08002079   Thumb Code    48  fpclassify.o(i.__ARM_fpclassify)
    __hardfp_pow                             0x080020a9   Thumb Code  3072  pow.o(i.__hardfp_pow)
    __kernel_poly                            0x08002cf9   Thumb Code   248  poly.o(i.__kernel_poly)
    __mathlib_dbl_divzero                    0x08002df1   Thumb Code    28  dunder.o(i.__mathlib_dbl_divzero)
    __mathlib_dbl_infnan2                    0x08002e21   Thumb Code    20  dunder.o(i.__mathlib_dbl_infnan2)
    __mathlib_dbl_invalid                    0x08002e39   Thumb Code    24  dunder.o(i.__mathlib_dbl_invalid)
    __mathlib_dbl_overflow                   0x08002e59   Thumb Code    24  dunder.o(i.__mathlib_dbl_overflow)
    __mathlib_dbl_underflow                  0x08002e79   Thumb Code    24  dunder.o(i.__mathlib_dbl_underflow)
    delay_ms                                 0x08002e99   Thumb Code    24  systick.o(i.delay_ms)
    delay_us                                 0x08002eb1   Thumb Code    24  systick.o(i.delay_us)
    dj_Init                                  0x08002ec9   Thumb Code   378  dj.o(i.dj_Init)
    duoji                                    0x08003059   Thumb Code   220  ctrl.o(i.duoji)
    fabs                                     0x08003145   Thumb Code    24  fabs.o(i.fabs)
    getsystick_us                            0x0800315d   Thumb Code    48  systick.o(i.getsystick_us)
    key1_function                            0x08003191   Thumb Code    38  key.o(i.key1_function)
    key2_function                            0x080031c5   Thumb Code    14  key.o(i.key2_function)
    key_Init                                 0x080031dd   Thumb Code    10  key.o(i.key_Init)
    key_check                                0x080031ed   Thumb Code   238  key.o(i.key_check)
    key_config                               0x080032e1   Thumb Code   196  key.o(i.key_config)
    key_dowm_fun                             0x080033cd   Thumb Code    20  key.o(i.key_dowm_fun)
    key_scan                                 0x080033e1   Thumb Code    26  key.o(i.key_scan)
    led_flash                                0x08003401   Thumb Code   180  led.o(i.led_flash)
    led_lightmode_check                      0x080034c5   Thumb Code    28  led.o(i.led_lightmode_check)
    led_reset                                0x080034e9   Thumb Code    38  led.o(i.led_reset)
    led_state_ctrl                           0x08003521   Thumb Code   150  led.o(i.led_state_ctrl)
    led_task                                 0x080035cd   Thumb Code   536  led.o(i.led_task)
    limit                                    0x08003815   Thumb Code    42  dj_ctrl.o(i.limit)
    main                                     0x08003841   Thumb Code    46  main.o(i.main)
    motor_Init                               0x08003885   Thumb Code   240  motor.o(i.motor_Init)
    motor_state_Init                         0x08003981   Thumb Code   284  motor.o(i.motor_state_Init)
    my_delay_ms                              0x08003aad   Thumb Code    34  ctrl.o(i.my_delay_ms)
    oled_Init                                0x08003ad5   Thumb Code   346  oled.o(i.oled_Init)
    oled_clear                               0x08003c35   Thumb Code    64  oled.o(i.oled_clear)
    oled_show_char                           0x08003c75   Thumb Code    92  oled.o(i.oled_show_char)
    oled_show_num                            0x08003cd5   Thumb Code   446  oled.o(i.oled_show_num)
    oled_show_string                         0x08003ea5   Thumb Code    54  oled.o(i.oled_show_string)
    sqrt                                     0x08003edb   Thumb Code   110  sqrt.o(i.sqrt)
    start_up                                 0x08003f49   Thumb Code    84  main.o(i.start_up)
    systick_Init                             0x08003fa1   Thumb Code    82  systick.o(i.systick_Init)
    task                                     0x08003ffd   Thumb Code   256  ctrl.o(i.task)
    uart4_Init                               0x08004141   Thumb Code   302  uart4.o(i.uart4_Init)
    uart4_data_analyse                       0x08004281   Thumb Code    58  uart4.o(i.uart4_data_analyse)
    uart4_data_receive_prepare               0x080042c1   Thumb Code    84  uart4.o(i.uart4_data_receive_prepare)
    usart1_Init                              0x08004321   Thumb Code   300  usart1.o(i.usart1_Init)
    usart2_Init                              0x0800445d   Thumb Code   300  usart2.o(i.usart2_Init)
    usart2_data_analyse                      0x08004599   Thumb Code   492  usart2.o(i.usart2_data_analyse)
    usart2_data_receive_prepare              0x080047a5   Thumb Code   168  usart2.o(i.usart2_data_receive_prepare)
    usart3_data_analyse                      0x0800485d   Thumb Code   358  usart3.o(i.usart3_data_analyse)
    usart3_data_receive_prepare              0x080049d1   Thumb Code   188  usart3.o(i.usart3_data_receive_prepare)
    usart6_data_analyse                      0x08004aa1   Thumb Code   308  usart6.o(i.usart6_data_analyse)
    usart6_data_receive_prepare              0x08004c05   Thumb Code   164  usart6.o(i.usart6_data_receive_prepare)
    __aeabi_dneg                             0x08004cb9   Thumb Code     0  basic.o(x$fpl$basic)
    _dneg                                    0x08004cb9   Thumb Code     6  basic.o(x$fpl$basic)
    __aeabi_fneg                             0x08004cbf   Thumb Code     0  basic.o(x$fpl$basic)
    _fneg                                    0x08004cbf   Thumb Code     6  basic.o(x$fpl$basic)
    _dabs                                    0x08004cc5   Thumb Code     6  basic.o(x$fpl$basic)
    _fabs                                    0x08004ccb   Thumb Code     6  basic.o(x$fpl$basic)
    __aeabi_dadd                             0x08004cd1   Thumb Code     0  daddsub_clz.o(x$fpl$dadd)
    _dadd                                    0x08004cd1   Thumb Code   332  daddsub_clz.o(x$fpl$dadd)
    __fpl_dcheck_NaN1                        0x08004e21   Thumb Code    10  dcheck1.o(x$fpl$dcheck1)
    __fpl_dcmp_Inf                           0x08004e31   Thumb Code    24  dcmpi.o(x$fpl$dcmpinf)
    __aeabi_ddiv                             0x08004e49   Thumb Code     0  ddiv.o(x$fpl$ddiv)
    _ddiv                                    0x08004e49   Thumb Code   552  ddiv.o(x$fpl$ddiv)
    __aeabi_d2iz                             0x080050f9   Thumb Code     0  dfix.o(x$fpl$dfix)
    _dfix                                    0x080050f9   Thumb Code    94  dfix.o(x$fpl$dfix)
    __aeabi_d2uiz                            0x08005159   Thumb Code     0  dfixu.o(x$fpl$dfixu)
    _dfixu                                   0x08005159   Thumb Code    90  dfixu.o(x$fpl$dfixu)
    __aeabi_i2d                              0x080051b3   Thumb Code     0  dflt_clz.o(x$fpl$dflt)
    _dflt                                    0x080051b3   Thumb Code    46  dflt_clz.o(x$fpl$dflt)
    __aeabi_ui2d                             0x080051e1   Thumb Code     0  dflt_clz.o(x$fpl$dfltu)
    _dfltu                                   0x080051e1   Thumb Code    38  dflt_clz.o(x$fpl$dfltu)
    __aeabi_cdcmple                          0x08005209   Thumb Code     0  dleqf.o(x$fpl$dleqf)
    _dcmple                                  0x08005209   Thumb Code   120  dleqf.o(x$fpl$dleqf)
    __fpl_dcmple_InfNaN                      0x0800526b   Thumb Code     0  dleqf.o(x$fpl$dleqf)
    __aeabi_dmul                             0x08005281   Thumb Code     0  dmul.o(x$fpl$dmul)
    _dmul                                    0x08005281   Thumb Code   332  dmul.o(x$fpl$dmul)
    __fpl_dnaninf                            0x080053d5   Thumb Code   156  dnaninf.o(x$fpl$dnaninf)
    __fpl_dretinf                            0x08005471   Thumb Code    12  dretinf.o(x$fpl$dretinf)
    __aeabi_cdrcmple                         0x0800547d   Thumb Code     0  drleqf.o(x$fpl$drleqf)
    _drcmple                                 0x0800547d   Thumb Code   108  drleqf.o(x$fpl$drleqf)
    __aeabi_drsub                            0x080054e9   Thumb Code     0  daddsub_clz.o(x$fpl$drsb)
    _drsb                                    0x080054e9   Thumb Code    22  daddsub_clz.o(x$fpl$drsb)
    _dsqrt                                   0x08005501   Thumb Code   404  dsqrt_umaal.o(x$fpl$dsqrt)
    __aeabi_dsub                             0x08005699   Thumb Code     0  daddsub_clz.o(x$fpl$dsub)
    _dsub                                    0x08005699   Thumb Code   464  daddsub_clz.o(x$fpl$dsub)
    __aeabi_f2d                              0x0800586d   Thumb Code     0  f2d.o(x$fpl$f2d)
    _f2d                                     0x0800586d   Thumb Code    86  f2d.o(x$fpl$f2d)
    __fpl_fnaninf                            0x080058c3   Thumb Code   140  fnaninf.o(x$fpl$fnaninf)
    _fp_init                                 0x0800594f   Thumb Code    10  fpinit.o(x$fpl$fpinit)
    __fplib_config_fpu_vfp                   0x08005957   Thumb Code     0  fpinit.o(x$fpl$fpinit)
    __fplib_config_pureend_doubles           0x08005957   Thumb Code     0  fpinit.o(x$fpl$fpinit)
    __fpl_return_NaN                         0x08005959   Thumb Code   100  retnan.o(x$fpl$retnan)
    __ARM_scalbn                             0x080059bd   Thumb Code    92  scalbn.o(x$fpl$scalbn)
    __fpl_cmpreturn                          0x08005a19   Thumb Code    48  trapv.o(x$fpl$trapveneer)
    ASCII_16_8                               0x08005a48   Data        1520  oled.o(.constdata)
    __I$use$fp                               0x08005a48   Number         0  usenofp.o(x$fpl$usenofp)
    CH_32                                    0x08006038   Data         384  oled.o(.constdata)
    picture_map                              0x080061b8   Data        1024  oled.o(.constdata)
    __mathlib_zero                           0x08006640   Data           8  qnan.o(.constdata)
    Region$$Table$$Base                      0x08006648   Number         0  anon$$obj.o(Region$$Table)
    Region$$Table$$Limit                     0x08006668   Number         0  anon$$obj.o(Region$$Table)
    TX1_Count                                0x20000000   Data           1  usart1.o(.data)
    Count1                                   0x20000001   Data           1  usart1.o(.data)
    Rx_data_cnt                              0x20000002   Data           1  usart1.o(.data)
    receive_flag                             0x20000003   Data           1  usart1.o(.data)
    paraToSend                               0x20000004   Data           2  usart1.o(.data)
    send_status                              0x20000006   Data           1  usart1.o(.data)
    TX2_Count                                0x2000000c   Data           1  usart2.o(.data)
    Count2                                   0x2000000d   Data           1  usart2.o(.data)
    asaa                                     0x20000010   Data           4  usart2.o(.data)
    TX3_Count                                0x20000017   Data           1  usart3.o(.data)
    Count3                                   0x20000018   Data           1  usart3.o(.data)
    USART_REC_Finish_FLAG                    0x2000001c   Data           1  uart4.o(.data)
    SendData                                 0x2000001d   Data           3  uart4.o(.data)
    USART_RX_STA                             0x20000020   Data           2  uart4.o(.data)
    TX4_Count                                0x20000022   Data           1  uart4.o(.data)
    Count4                                   0x20000023   Data           1  uart4.o(.data)
    Code                                     0x20000024   Data           8  uart4.o(.data)
    TX6_Count                                0x20000030   Data           1  usart6.o(.data)
    Count6                                   0x20000031   Data           1  usart6.o(.data)
    yaw                                      0x20000034   Data           4  usart6.o(.data)
    yaw_init                                 0x20000038   Data           4  usart6.o(.data)
    rol_init                                 0x2000003c   Data           4  usart6.o(.data)
    pit_init                                 0x20000040   Data           4  usart6.o(.data)
    yaw_offset                               0x20000044   Data           4  usart6.o(.data)
    systick_cnt_ms                           0x20000050   Data           4  systick.o(.data)
    led0                                     0x20000054   Data          12  led.o(.data)
    led1                                     0x20000060   Data          12  led.o(.data)
    led2                                     0x2000006c   Data          12  led.o(.data)
    brightness                               0x20000078   Data           3  led.o(.data)
    flash_time_cnt                           0x2000007b   Data           3  led.o(.data)
    led_lightmode                            0x2000007e   Data           1  led.o(.data)
    led_lightmode_old                        0x2000007f   Data           1  led.o(.data)
    key1                                     0x2000008c   Data          40  key.o(.data)
    key2                                     0x200000b4   Data          40  key.o(.data)
    DJ_Init1                                 0x200000dc   Data          10  dj.o(.data)
    DJ_Last                                  0x200000e6   Data          10  dj.o(.data)
    DJ_SET                                   0x200000fe   Data         240  dj_ctrl.o(.data)
    _XY                                      0x200001f0   Data           8  ctrl.o(.data)
    T_cnt                                    0x200001f8   Data           4  ctrl.o(.data)
    COM_Tasks                                0x200001fc   Data          60  ctrl.o(.data)
    a                                        0x20000238   Data           1  ctrl.o(.data)
    b                                        0x20000239   Data           1  ctrl.o(.data)
    x_goal                                   0x2000023c   Data           4  ctrl.o(.data)
    y_goal                                   0x20000240   Data           4  ctrl.o(.data)
    scheduler_tasks                          0x2000024c   Data          84  schedule.o(.data)
    RX1_Buf                                  0x200002b0   Data         100  usart1.o(.bss)
    TX1_Buf                                  0x20000314   Data         100  usart1.o(.bss)
    data_to_send                             0x20000378   Data         100  usart1.o(.bss)
    Para_List                                0x200003dc   Data         400  usart1.o(.bss)
    RX2_Buf                                  0x2000056c   Data          50  usart2.o(.bss)
    TX2_Buf                                  0x2000059e   Data         256  usart2.o(.bss)
    TOF_mini                                 0x200006a0   Data          16  usart2.o(.bss)
    RX3_Buf                                  0x200006b0   Data          50  usart3.o(.bss)
    TX3_Buf                                  0x200006e2   Data         256  usart3.o(.bss)
    Openmv                                   0x200007e4   Data          12  usart3.o(.bss)
    USART_RX_BUF                             0x200007f0   Data         200  uart4.o(.bss)
    RX4_Buf                                  0x200008b8   Data          50  uart4.o(.bss)
    TX4_Buf                                  0x200008ea   Data         256  uart4.o(.bss)
    RX6_Buf                                  0x200009ea   Data          50  usart6.o(.bss)
    TX6_Buf                                  0x20000a1c   Data         256  usart6.o(.bss)
    time_cnt                                 0x20000b1c   Data          12  led.o(.bss)
    XPID                                     0x20000b28   Data          44  motor_ctrl.o(.bss)
    YPID                                     0x20000b54   Data          44  motor_ctrl.o(.bss)
    APID                                     0x20000b80   Data          44  motor_ctrl.o(.bss)
    DJ_changed                               0x20000bac   Data          10  dj_ctrl.o(.bss)
    ys_new                                   0x20000bb8   Data          10  ctrl.o(.bss)
    FLAG                                     0x20000bc4   Data          20  ctrl.o(.bss)
    __libspace_start                         0x20000bd8   Data          96  libspace.o(.bss)
    __temporary_stack_top$libspace           0x20000c38   Data           0  libspace.o(.bss)



==============================================================================

Memory Map of the image

  Image Entry point : 0x08000189

  Load Region LR_IROM1 (Base: 0x08000000, Size: 0x00006918, Max: 0x00080000, ABSOLUTE, COMPRESSED[0x00006774])

    Execution Region ER_IROM1 (Exec base: 0x08000000, Load base: 0x08000000, Size: 0x00006668, Max: 0x00080000, ABSOLUTE)

    Exec Addr    Load Addr    Size         Type   Attr      Idx    E Section Name        Object

    0x08000000   0x08000000   0x00000188   Data   RO            3    RESET               startup_stm32f40_41xxx.o
    0x08000188   0x08000188   0x00000008   Code   RO         4202  * !!!main             c_w.l(__main.o)
    0x08000190   0x08000190   0x00000034   Code   RO         4498    !!!scatter          c_w.l(__scatter.o)
    0x080001c4   0x080001c4   0x0000005a   Code   RO         4496    !!dczerorl2         c_w.l(__dczerorl2.o)
    0x0800021e   0x0800021e   0x00000002   PAD
    0x08000220   0x08000220   0x0000001c   Code   RO         4500    !!handler_zi        c_w.l(__scatter_zi.o)
    0x0800023c   0x0800023c   0x00000002   Code   RO         4365    .ARM.Collect$$libinit$$00000000  c_w.l(libinit.o)
    0x0800023e   0x0800023e   0x00000004   Code   RO         4370    .ARM.Collect$$libinit$$00000001  c_w.l(libinit2.o)
    0x08000242   0x08000242   0x00000000   Code   RO         4373    .ARM.Collect$$libinit$$00000004  c_w.l(libinit2.o)
    0x08000242   0x08000242   0x00000000   Code   RO         4376    .ARM.Collect$$libinit$$0000000A  c_w.l(libinit2.o)
    0x08000242   0x08000242   0x00000000   Code   RO         4378    .ARM.Collect$$libinit$$0000000C  c_w.l(libinit2.o)
    0x08000242   0x08000242   0x00000000   Code   RO         4380    .ARM.Collect$$libinit$$0000000E  c_w.l(libinit2.o)
    0x08000242   0x08000242   0x00000000   Code   RO         4383    .ARM.Collect$$libinit$$00000011  c_w.l(libinit2.o)
    0x08000242   0x08000242   0x00000000   Code   RO         4385    .ARM.Collect$$libinit$$00000013  c_w.l(libinit2.o)
    0x08000242   0x08000242   0x00000000   Code   RO         4387    .ARM.Collect$$libinit$$00000015  c_w.l(libinit2.o)
    0x08000242   0x08000242   0x00000000   Code   RO         4389    .ARM.Collect$$libinit$$00000017  c_w.l(libinit2.o)
    0x08000242   0x08000242   0x00000000   Code   RO         4391    .ARM.Collect$$libinit$$00000019  c_w.l(libinit2.o)
    0x08000242   0x08000242   0x00000000   Code   RO         4393    .ARM.Collect$$libinit$$0000001B  c_w.l(libinit2.o)
    0x08000242   0x08000242   0x00000000   Code   RO         4395    .ARM.Collect$$libinit$$0000001D  c_w.l(libinit2.o)
    0x08000242   0x08000242   0x00000000   Code   RO         4397    .ARM.Collect$$libinit$$0000001F  c_w.l(libinit2.o)
    0x08000242   0x08000242   0x00000000   Code   RO         4399    .ARM.Collect$$libinit$$00000021  c_w.l(libinit2.o)
    0x08000242   0x08000242   0x00000000   Code   RO         4401    .ARM.Collect$$libinit$$00000023  c_w.l(libinit2.o)
    0x08000242   0x08000242   0x00000000   Code   RO         4403    .ARM.Collect$$libinit$$00000025  c_w.l(libinit2.o)
    0x08000242   0x08000242   0x00000000   Code   RO         4407    .ARM.Collect$$libinit$$0000002C  c_w.l(libinit2.o)
    0x08000242   0x08000242   0x00000000   Code   RO         4409    .ARM.Collect$$libinit$$0000002E  c_w.l(libinit2.o)
    0x08000242   0x08000242   0x00000000   Code   RO         4411    .ARM.Collect$$libinit$$00000030  c_w.l(libinit2.o)
    0x08000242   0x08000242   0x00000000   Code   RO         4413    .ARM.Collect$$libinit$$00000032  c_w.l(libinit2.o)
    0x08000242   0x08000242   0x00000002   Code   RO         4414    .ARM.Collect$$libinit$$00000033  c_w.l(libinit2.o)
    0x08000244   0x08000244   0x00000002   Code   RO         4436    .ARM.Collect$$libshutdown$$00000000  c_w.l(libshutdown.o)
    0x08000246   0x08000246   0x00000000   Code   RO         4449    .ARM.Collect$$libshutdown$$00000002  c_w.l(libshutdown2.o)
    0x08000246   0x08000246   0x00000000   Code   RO         4451    .ARM.Collect$$libshutdown$$00000004  c_w.l(libshutdown2.o)
    0x08000246   0x08000246   0x00000000   Code   RO         4454    .ARM.Collect$$libshutdown$$00000007  c_w.l(libshutdown2.o)
    0x08000246   0x08000246   0x00000000   Code   RO         4457    .ARM.Collect$$libshutdown$$0000000A  c_w.l(libshutdown2.o)
    0x08000246   0x08000246   0x00000000   Code   RO         4459    .ARM.Collect$$libshutdown$$0000000C  c_w.l(libshutdown2.o)
    0x08000246   0x08000246   0x00000000   Code   RO         4462    .ARM.Collect$$libshutdown$$0000000F  c_w.l(libshutdown2.o)
    0x08000246   0x08000246   0x00000002   Code   RO         4463    .ARM.Collect$$libshutdown$$00000010  c_w.l(libshutdown2.o)
    0x08000248   0x08000248   0x00000000   Code   RO         4260    .ARM.Collect$$rtentry$$00000000  c_w.l(__rtentry.o)
    0x08000248   0x08000248   0x00000000   Code   RO         4330    .ARM.Collect$$rtentry$$00000002  c_w.l(__rtentry2.o)
    0x08000248   0x08000248   0x00000006   Code   RO         4342    .ARM.Collect$$rtentry$$00000004  c_w.l(__rtentry4.o)
    0x0800024e   0x0800024e   0x00000000   Code   RO         4332    .ARM.Collect$$rtentry$$00000009  c_w.l(__rtentry2.o)
    0x0800024e   0x0800024e   0x00000004   Code   RO         4333    .ARM.Collect$$rtentry$$0000000A  c_w.l(__rtentry2.o)
    0x08000252   0x08000252   0x00000000   Code   RO         4335    .ARM.Collect$$rtentry$$0000000C  c_w.l(__rtentry2.o)
    0x08000252   0x08000252   0x00000008   Code   RO         4336    .ARM.Collect$$rtentry$$0000000D  c_w.l(__rtentry2.o)
    0x0800025a   0x0800025a   0x00000002   Code   RO         4368    .ARM.Collect$$rtexit$$00000000  c_w.l(rtexit.o)
    0x0800025c   0x0800025c   0x00000000   Code   RO         4418    .ARM.Collect$$rtexit$$00000002  c_w.l(rtexit2.o)
    0x0800025c   0x0800025c   0x00000004   Code   RO         4419    .ARM.Collect$$rtexit$$00000003  c_w.l(rtexit2.o)
    0x08000260   0x08000260   0x00000006   Code   RO         4420    .ARM.Collect$$rtexit$$00000004  c_w.l(rtexit2.o)
    0x08000266   0x08000266   0x00000002   PAD
    0x08000268   0x08000268   0x00000040   Code   RO            4    .text               startup_stm32f40_41xxx.o
    0x080002a8   0x080002a8   0x0000004e   Code   RO         4198    .text               c_w.l(rt_memclr_w.o)
    0x080002f6   0x080002f6   0x00000006   Code   RO         4200    .text               c_w.l(heapauxi.o)
    0x080002fc   0x080002fc   0x00000016   Code   RO         4261    .text               c_w.l(_rserrno.o)
    0x08000312   0x08000312   0x00000002   PAD
    0x08000314   0x08000314   0x00000008   Code   RO         4347    .text               c_w.l(rt_errno_addr_intlibspace.o)
    0x0800031c   0x0800031c   0x00000008   Code   RO         4353    .text               c_w.l(libspace.o)
    0x08000324   0x08000324   0x0000004a   Code   RO         4356    .text               c_w.l(sys_stackheap_outer.o)
    0x0800036e   0x0800036e   0x00000012   Code   RO         4358    .text               c_w.l(exit.o)
    0x08000380   0x08000380   0x0000000c   Code   RO         4428    .text               c_w.l(sys_exit.o)
    0x0800038c   0x0800038c   0x00000002   Code   RO         4439    .text               c_w.l(use_no_semi.o)
    0x0800038e   0x0800038e   0x00000000   Code   RO         4441    .text               c_w.l(indicate_semi.o)
    0x0800038e   0x0800038e   0x00000002   PAD
    0x08000390   0x08000390   0x00000130   Code   RO          278    i.ANO_DT_Data_Receive_Prepare  usart1.o
    0x080004c0   0x080004c0   0x0000011c   Code   RO         1123    i.A_Adj             motor_ctrl.o
    0x080005dc   0x080005dc   0x000000ec   Code   RO         1174    i.DJ_Ctrl           dj_ctrl.o
    0x080006c8   0x080006c8   0x000000a8   Code   RO         1175    i.DJ_Limit          dj_ctrl.o
    0x08000770   0x08000770   0x00000060   Code   RO         1176    i.DJ_Set            dj_ctrl.o
    0x080007d0   0x080007d0   0x00000090   Code   RO         2625    i.GPIO_Init         stm32f4xx_gpio.o
    0x08000860   0x08000860   0x00000046   Code   RO         2626    i.GPIO_PinAFConfig  stm32f4xx_gpio.o
    0x080008a6   0x080008a6   0x00000012   Code   RO         2629    i.GPIO_ReadInputDataBit  stm32f4xx_gpio.o
    0x080008b8   0x080008b8   0x00000004   Code   RO         2632    i.GPIO_ResetBits    stm32f4xx_gpio.o
    0x080008bc   0x080008bc   0x00000004   Code   RO         2633    i.GPIO_SetBits      stm32f4xx_gpio.o
    0x080008c0   0x080008c0   0x000004d8   Code   RO         1220    i.Get_And_Put_thing  ctrl.o
    0x08000d98   0x08000d98   0x00000018   Code   RO         1279    i.Loop_1000Hz       schedule.o
    0x08000db0   0x08000db0   0x00000008   Code   RO         1280    i.Loop_100Hz        schedule.o
    0x08000db8   0x08000db8   0x00000002   Code   RO         1281    i.Loop_200Hz        schedule.o
    0x08000dba   0x08000dba   0x00000002   Code   RO         1282    i.Loop_20Hz         schedule.o
    0x08000dbc   0x08000dbc   0x00000002   Code   RO         1283    i.Loop_2Hz          schedule.o
    0x08000dbe   0x08000dbe   0x00000002   Code   RO         1284    i.Loop_500Hz        schedule.o
    0x08000dc0   0x08000dc0   0x00000028   Code   RO         1285    i.Loop_50Hz         schedule.o
    0x08000de8   0x08000de8   0x000002b0   Code   RO         1124    i.Move_Ctrl         motor_ctrl.o
    0x08001098   0x08001098   0x0000002e   Code   RO          788    i.OLED_Set_Pos      oled.o
    0x080010c6   0x080010c6   0x00000002   PAD
    0x080010c8   0x080010c8   0x00000070   Code   RO          789    i.OLED_WR_Byte      oled.o
    0x08001138   0x08001138   0x00000040   Code   RO          790    i.Oled_Init_Show    oled.o
    0x08001178   0x08001178   0x00000104   Code   RO          791    i.Oled_Refresh      oled.o
    0x0800127c   0x0800127c   0x00000120   Code   RO         1125    i.PID_Init          motor_ctrl.o
    0x0800139c   0x0800139c   0x00000020   Code   RO         2946    i.RCC_AHB1PeriphClockCmd  stm32f4xx_rcc.o
    0x080013bc   0x080013bc   0x00000020   Code   RO         2955    i.RCC_APB1PeriphClockCmd  stm32f4xx_rcc.o
    0x080013dc   0x080013dc   0x00000020   Code   RO         2958    i.RCC_APB2PeriphClockCmd  stm32f4xx_rcc.o
    0x080013fc   0x080013fc   0x000000e8   Code   RO         2967    i.RCC_GetClocksFreq  stm32f4xx_rcc.o
    0x080014e4   0x080014e4   0x00000050   Code   RO         1286    i.Scheduler_Run     schedule.o
    0x08001534   0x08001534   0x00000050   Code   RO         1287    i.Scheduler_Setup   schedule.o
    0x08001584   0x08001584   0x000000ec   Code   RO          218    i.SetSysClock       system_stm32f4xx.o
    0x08001670   0x08001670   0x00000028   Code   RO         2584    i.SysTick_CLKSourceConfig  misc.o
    0x08001698   0x08001698   0x00000010   Code   RO          585    i.SysTick_Handler   systick.o
    0x080016a8   0x080016a8   0x00000068   Code   RO          220    i.SystemInit        system_stm32f4xx.o
    0x08001710   0x08001710   0x0000000c   Code   RO          586    i.Systick_Get_MS    systick.o
    0x0800171c   0x0800171c   0x0000004c   Code   RO          645    i.TIM6_DAC_IRQHandler  led.o
    0x08001768   0x08001768   0x00000006   Code   RO         3455    i.TIM_ClearITPendingBit  stm32f4xx_tim.o
    0x0800176e   0x0800176e   0x00000018   Code   RO         3460    i.TIM_Cmd           stm32f4xx_tim.o
    0x08001786   0x08001786   0x0000001e   Code   RO         3462    i.TIM_CtrlPWMOutputs  stm32f4xx_tim.o
    0x080017a4   0x080017a4   0x00000022   Code   RO         3481    i.TIM_GetITStatus   stm32f4xx_tim.o
    0x080017c6   0x080017c6   0x00000002   PAD
    0x080017c8   0x080017c8   0x0000007c   Code   RO         3489    i.TIM_OC1Init       stm32f4xx_tim.o
    0x08001844   0x08001844   0x000000a4   Code   RO         3494    i.TIM_OC2Init       stm32f4xx_tim.o
    0x080018e8   0x080018e8   0x000000a0   Code   RO         3499    i.TIM_OC3Init       stm32f4xx_tim.o
    0x08001988   0x08001988   0x00000078   Code   RO         3504    i.TIM_OC4Init       stm32f4xx_tim.o
    0x08001a00   0x08001a00   0x00000084   Code   RO         3532    i.TIM_TimeBaseInit  stm32f4xx_tim.o
    0x08001a84   0x08001a84   0x00000078   Code   RO          483    i.UART4_IRQHandler  uart4.o
    0x08001afc   0x08001afc   0x0000002c   Code   RO          286    i.USART1_IRQHandler  usart1.o
    0x08001b28   0x08001b28   0x00000078   Code   RO          381    i.USART2_IRQHandler  usart2.o
    0x08001ba0   0x08001ba0   0x00000078   Code   RO          432    i.USART3_IRQHandler  usart3.o
    0x08001c18   0x08001c18   0x00000078   Code   RO          534    i.USART6_IRQHandler  usart6.o
    0x08001c90   0x08001c90   0x0000001e   Code   RO         4007    i.USART_ClearITPendingBit  stm32f4xx_usart.o
    0x08001cae   0x08001cae   0x00000018   Code   RO         4010    i.USART_Cmd         stm32f4xx_usart.o
    0x08001cc6   0x08001cc6   0x00000054   Code   RO         4014    i.USART_GetITStatus  stm32f4xx_usart.o
    0x08001d1a   0x08001d1a   0x0000004a   Code   RO         4016    i.USART_ITConfig    stm32f4xx_usart.o
    0x08001d64   0x08001d64   0x000000d4   Code   RO         4017    i.USART_Init        stm32f4xx_usart.o
    0x08001e38   0x08001e38   0x00000120   Code   RO         1126    i.X_Adj             motor_ctrl.o
    0x08001f58   0x08001f58   0x00000120   Code   RO         1127    i.Y_Adj             motor_ctrl.o
    0x08002078   0x08002078   0x00000030   Code   RO         4301    i.__ARM_fpclassify  m_wm.l(fpclassify.o)
    0x080020a8   0x080020a8   0x00000c50   Code   RO         4246    i.__hardfp_pow      m_wm.l(pow.o)
    0x08002cf8   0x08002cf8   0x000000f8   Code   RO         4303    i.__kernel_poly     m_wm.l(poly.o)
    0x08002df0   0x08002df0   0x00000030   Code   RO         4281    i.__mathlib_dbl_divzero  m_wm.l(dunder.o)
    0x08002e20   0x08002e20   0x00000014   Code   RO         4283    i.__mathlib_dbl_infnan2  m_wm.l(dunder.o)
    0x08002e34   0x08002e34   0x00000004   PAD
    0x08002e38   0x08002e38   0x00000020   Code   RO         4284    i.__mathlib_dbl_invalid  m_wm.l(dunder.o)
    0x08002e58   0x08002e58   0x00000020   Code   RO         4285    i.__mathlib_dbl_overflow  m_wm.l(dunder.o)
    0x08002e78   0x08002e78   0x00000020   Code   RO         4287    i.__mathlib_dbl_underflow  m_wm.l(dunder.o)
    0x08002e98   0x08002e98   0x00000018   Code   RO          587    i.delay_ms          systick.o
    0x08002eb0   0x08002eb0   0x00000018   Code   RO          588    i.delay_us          systick.o
    0x08002ec8   0x08002ec8   0x00000190   Code   RO         1096    i.dj_Init           dj.o
    0x08003058   0x08003058   0x000000ec   Code   RO         1222    i.duoji             ctrl.o
    0x08003144   0x08003144   0x00000018   Code   RO         4297    i.fabs              m_wm.l(fabs.o)
    0x0800315c   0x0800315c   0x00000034   Code   RO          589    i.getsystick_us     systick.o
    0x08003190   0x08003190   0x00000034   Code   RO          726    i.key1_function     key.o
    0x080031c4   0x080031c4   0x00000018   Code   RO          727    i.key2_function     key.o
    0x080031dc   0x080031dc   0x00000010   Code   RO          728    i.key_Init          key.o
    0x080031ec   0x080031ec   0x000000f4   Code   RO          729    i.key_check         key.o
    0x080032e0   0x080032e0   0x000000ec   Code   RO          730    i.key_config        key.o
    0x080033cc   0x080033cc   0x00000014   Code   RO          731    i.key_dowm_fun      key.o
    0x080033e0   0x080033e0   0x00000020   Code   RO          732    i.key_scan          key.o
    0x08003400   0x08003400   0x000000c4   Code   RO          650    i.led_flash         led.o
    0x080034c4   0x080034c4   0x00000024   Code   RO          651    i.led_lightmode_check  led.o
    0x080034e8   0x080034e8   0x00000038   Code   RO          652    i.led_reset         led.o
    0x08003520   0x08003520   0x000000ac   Code   RO          653    i.led_state_ctrl    led.o
    0x080035cc   0x080035cc   0x00000248   Code   RO          654    i.led_task          led.o
    0x08003814   0x08003814   0x0000002a   Code   RO         1177    i.limit             dj_ctrl.o
    0x0800383e   0x0800383e   0x00000002   PAD
    0x08003840   0x08003840   0x00000044   Code   RO           12    i.main              main.o
    0x08003884   0x08003884   0x000000fc   Code   RO         1067    i.motor_Init        motor.o
    0x08003980   0x08003980   0x0000012c   Code   RO         1068    i.motor_state_Init  motor.o
    0x08003aac   0x08003aac   0x00000028   Code   RO         1223    i.my_delay_ms       ctrl.o
    0x08003ad4   0x08003ad4   0x00000160   Code   RO          792    i.oled_Init         oled.o
    0x08003c34   0x08003c34   0x00000040   Code   RO          794    i.oled_clear        oled.o
    0x08003c74   0x08003c74   0x00000060   Code   RO          799    i.oled_show_char    oled.o
    0x08003cd4   0x08003cd4   0x000001d0   Code   RO          801    i.oled_show_num     oled.o
    0x08003ea4   0x08003ea4   0x00000036   Code   RO          803    i.oled_show_string  oled.o
    0x08003eda   0x08003eda   0x0000006e   Code   RO         4319    i.sqrt              m_wm.l(sqrt.o)
    0x08003f48   0x08003f48   0x00000058   Code   RO           13    i.start_up          main.o
    0x08003fa0   0x08003fa0   0x0000005c   Code   RO          590    i.systick_Init      systick.o
    0x08003ffc   0x08003ffc   0x00000144   Code   RO         1224    i.task              ctrl.o
    0x08004140   0x08004140   0x00000140   Code   RO          484    i.uart4_Init        uart4.o
    0x08004280   0x08004280   0x00000040   Code   RO          485    i.uart4_data_analyse  uart4.o
    0x080042c0   0x080042c0   0x00000060   Code   RO          486    i.uart4_data_receive_prepare  uart4.o
    0x08004320   0x08004320   0x0000013c   Code   RO          287    i.usart1_Init       usart1.o
    0x0800445c   0x0800445c   0x0000013c   Code   RO          382    i.usart2_Init       usart2.o
    0x08004598   0x08004598   0x0000020c   Code   RO          383    i.usart2_data_analyse  usart2.o
    0x080047a4   0x080047a4   0x000000b8   Code   RO          384    i.usart2_data_receive_prepare  usart2.o
    0x0800485c   0x0800485c   0x00000174   Code   RO          434    i.usart3_data_analyse  usart3.o
    0x080049d0   0x080049d0   0x000000d0   Code   RO          435    i.usart3_data_receive_prepare  usart3.o
    0x08004aa0   0x08004aa0   0x00000164   Code   RO          536    i.usart6_data_analyse  usart6.o
    0x08004c04   0x08004c04   0x000000b4   Code   RO          537    i.usart6_data_receive_prepare  usart6.o
    0x08004cb8   0x08004cb8   0x00000018   Code   RO         4263    x$fpl$basic         fz_wm.l(basic.o)
    0x08004cd0   0x08004cd0   0x00000150   Code   RO         4204    x$fpl$dadd          fz_wm.l(daddsub_clz.o)
    0x08004e20   0x08004e20   0x00000010   Code   RO         4349    x$fpl$dcheck1       fz_wm.l(dcheck1.o)
    0x08004e30   0x08004e30   0x00000018   Code   RO         4265    x$fpl$dcmpinf       fz_wm.l(dcmpi.o)
    0x08004e48   0x08004e48   0x000002b0   Code   RO         4211    x$fpl$ddiv          fz_wm.l(ddiv.o)
    0x080050f8   0x080050f8   0x0000005e   Code   RO         4214    x$fpl$dfix          fz_wm.l(dfix.o)
    0x08005156   0x08005156   0x00000002   PAD
    0x08005158   0x08005158   0x0000005a   Code   RO         4218    x$fpl$dfixu         fz_wm.l(dfixu.o)
    0x080051b2   0x080051b2   0x0000002e   Code   RO         4223    x$fpl$dflt          fz_wm.l(dflt_clz.o)
    0x080051e0   0x080051e0   0x00000026   Code   RO         4222    x$fpl$dfltu         fz_wm.l(dflt_clz.o)
    0x08005206   0x08005206   0x00000002   PAD
    0x08005208   0x08005208   0x00000078   Code   RO         4228    x$fpl$dleqf         fz_wm.l(dleqf.o)
    0x08005280   0x08005280   0x00000154   Code   RO         4230    x$fpl$dmul          fz_wm.l(dmul.o)
    0x080053d4   0x080053d4   0x0000009c   Code   RO         4267    x$fpl$dnaninf       fz_wm.l(dnaninf.o)
    0x08005470   0x08005470   0x0000000c   Code   RO         4269    x$fpl$dretinf       fz_wm.l(dretinf.o)
    0x0800547c   0x0800547c   0x0000006c   Code   RO         4271    x$fpl$drleqf        fz_wm.l(drleqf.o)
    0x080054e8   0x080054e8   0x00000016   Code   RO         4205    x$fpl$drsb          fz_wm.l(daddsub_clz.o)
    0x080054fe   0x080054fe   0x00000002   PAD
    0x08005500   0x08005500   0x00000198   Code   RO         4351    x$fpl$dsqrt         fz_wm.l(dsqrt_umaal.o)
    0x08005698   0x08005698   0x000001d4   Code   RO         4206    x$fpl$dsub          fz_wm.l(daddsub_clz.o)
    0x0800586c   0x0800586c   0x00000056   Code   RO         4232    x$fpl$f2d           fz_wm.l(f2d.o)
    0x080058c2   0x080058c2   0x0000008c   Code   RO         4273    x$fpl$fnaninf       fz_wm.l(fnaninf.o)
    0x0800594e   0x0800594e   0x0000000a   Code   RO         4426    x$fpl$fpinit        fz_wm.l(fpinit.o)
    0x08005958   0x08005958   0x00000064   Code   RO         4366    x$fpl$retnan        fz_wm.l(retnan.o)
    0x080059bc   0x080059bc   0x0000005c   Code   RO         4275    x$fpl$scalbn        fz_wm.l(scalbn.o)
    0x08005a18   0x08005a18   0x00000030   Code   RO         4415    x$fpl$trapveneer    fz_wm.l(trapv.o)
    0x08005a48   0x08005a48   0x00000000   Code   RO         4277    x$fpl$usenofp       fz_wm.l(usenofp.o)
    0x08005a48   0x08005a48   0x00000b70   Data   RO          804    .constdata          oled.o
    0x080065b8   0x080065b8   0x00000088   Data   RO         4249    .constdata          m_wm.l(pow.o)
    0x08006640   0x08006640   0x00000008   Data   RO         4305    .constdata          m_wm.l(qnan.o)
    0x08006648   0x08006648   0x00000020   Data   RO         4494    Region$$Table       anon$$obj.o


    Execution Region RW_IRAM2 (Exec base: 0x10000000, Load base: 0x08006774, Size: 0x00000000, Max: 0x00010000, ABSOLUTE)

    **** No section assigned to this execution region ****


    Execution Region RW_IRAM1 (Exec base: 0x20000000, Load base: 0x08006668, Size: 0x00001238, Max: 0x00020000, ABSOLUTE, COMPRESSED[0x0000010c])

    Exec Addr    Load Addr    Size         Type   Attr      Idx    E Section Name        Object

    0x20000000   COMPRESSED   0x0000000a   Data   RW          290    .data               usart1.o
    0x2000000a   COMPRESSED   0x00000002   PAD
    0x2000000c   COMPRESSED   0x0000000b   Data   RW          387    .data               usart2.o
    0x20000017   COMPRESSED   0x00000005   Data   RW          438    .data               usart3.o
    0x2000001c   COMPRESSED   0x00000011   Data   RW          489    .data               uart4.o
    0x2000002d   COMPRESSED   0x00000003   PAD
    0x20000030   COMPRESSED   0x0000001d   Data   RW          540    .data               usart6.o
    0x2000004d   COMPRESSED   0x00000003   PAD
    0x20000050   COMPRESSED   0x00000004   Data   RW          591    .data               systick.o
    0x20000054   COMPRESSED   0x00000038   Data   RW          656    .data               led.o
    0x2000008c   COMPRESSED   0x00000050   Data   RW          733    .data               key.o
    0x200000dc   COMPRESSED   0x00000014   Data   RW         1097    .data               dj.o
    0x200000f0   COMPRESSED   0x0000000e   Data   RW         1129    .data               motor_ctrl.o
    0x200000fe   COMPRESSED   0x000000f0   Data   RW         1179    .data               dj_ctrl.o
    0x200001ee   COMPRESSED   0x00000002   PAD
    0x200001f0   COMPRESSED   0x00000059   Data   RW         1226    .data               ctrl.o
    0x20000249   COMPRESSED   0x00000003   PAD
    0x2000024c   COMPRESSED   0x00000054   Data   RW         1288    .data               schedule.o
    0x200002a0   COMPRESSED   0x00000010   Data   RW         2999    .data               stm32f4xx_rcc.o
    0x200002b0        -       0x000002bc   Zero   RW          289    .bss                usart1.o
    0x2000056c        -       0x00000144   Zero   RW          386    .bss                usart2.o
    0x200006b0        -       0x00000140   Zero   RW          437    .bss                usart3.o
    0x200007f0        -       0x000001fa   Zero   RW          488    .bss                uart4.o
    0x200009ea        -       0x00000132   Zero   RW          539    .bss                usart6.o
    0x20000b1c        -       0x0000000c   Zero   RW          655    .bss                led.o
    0x20000b28        -       0x00000084   Zero   RW         1128    .bss                motor_ctrl.o
    0x20000bac        -       0x0000000a   Zero   RW         1178    .bss                dj_ctrl.o
    0x20000bb6   COMPRESSED   0x00000002   PAD
    0x20000bb8        -       0x00000020   Zero   RW         1225    .bss                ctrl.o
    0x20000bd8        -       0x00000060   Zero   RW         4354    .bss                c_w.l(libspace.o)
    0x20000c38        -       0x00000200   Zero   RW            2    HEAP                startup_stm32f40_41xxx.o
    0x20000e38        -       0x00000400   Zero   RW            1    STACK               startup_stm32f40_41xxx.o


==============================================================================

Image component sizes


      Code (inc. data)   RO Data    RW Data    ZI Data      Debug   Object Name

      1840        158          0         89         32       4665   ctrl.o
       400         22          0         20          0       1321   dj.o
       542         60          0        240         10       2730   dj_ctrl.o
       624         82          0         80          0       5038   key.o
      1120        136          0         56         12       5945   led.o
       156         26          0          0          0     280870   main.o
        40          0          0          0          0        530   misc.o
       552         28          0          0          0       1488   motor.o
      1836        110          0         14        132       4852   motor_ctrl.o
      1512         68       2928          0          0       6970   oled.o
       240         22          0         84          0       5276   schedule.o
        64         26        392          0       1536        868   startup_stm32f40_41xxx.o
       240          0          0          0          0       3447   stm32f4xx_gpio.o
       328         36          0         16          0       4551   stm32f4xx_rcc.o
       794         66          0          0          0       6416   stm32f4xx_tim.o
       424          8          0          0          0       4280   stm32f4xx_usart.o
       340         32          0          0          0       1437   system_stm32f4xx.o
       220         24          0          4          0      29796   systick.o
       600         54          0         17        506       4123   uart4.o
       664         48          0         10        700      29973   usart1.o
      1144         82          0         11        324       4303   usart2.o
       700         52          0          5        320       3222   usart3.o
       656         82          0         29        306       2845   usart6.o

    ----------------------------------------------------------------------
     15042       1222       3352        688       3880     414946   Object Totals
         0          0         32          0          0          0   (incl. Generated)
         6          0          0         13          2          0   (incl. Padding)

    ----------------------------------------------------------------------

      Code (inc. data)   RO Data    RW Data    ZI Data      Debug   Library Member Name

        90          0          0          0          0          0   __dczerorl2.o
         8          0          0          0          0         68   __main.o
         0          0          0          0          0          0   __rtentry.o
        12          0          0          0          0          0   __rtentry2.o
         6          0          0          0          0          0   __rtentry4.o
        52          8          0          0          0          0   __scatter.o
        28          0          0          0          0          0   __scatter_zi.o
        22          0          0          0          0        100   _rserrno.o
        18          0          0          0          0         80   exit.o
         6          0          0          0          0        152   heapauxi.o
         0          0          0          0          0          0   indicate_semi.o
         2          0          0          0          0          0   libinit.o
         6          0          0          0          0          0   libinit2.o
         2          0          0          0          0          0   libshutdown.o
         2          0          0          0          0          0   libshutdown2.o
         8          4          0          0         96         68   libspace.o
         8          4          0          0          0         68   rt_errno_addr_intlibspace.o
        78          0          0          0          0         80   rt_memclr_w.o
         2          0          0          0          0          0   rtexit.o
        10          0          0          0          0          0   rtexit2.o
        12          4          0          0          0         68   sys_exit.o
        74          0          0          0          0         80   sys_stackheap_outer.o
         2          0          0          0          0         68   use_no_semi.o
        24          0          0          0          0        164   basic.o
       826         16          0          0          0        492   daddsub_clz.o
        16          4          0          0          0        116   dcheck1.o
        24          0          0          0          0        116   dcmpi.o
       688        140          0          0          0        256   ddiv.o
        94          4          0          0          0        140   dfix.o
        90          4          0          0          0        140   dfixu.o
        84          0          0          0          0        232   dflt_clz.o
       120          4          0          0          0        140   dleqf.o
       340         12          0          0          0        152   dmul.o
       156          4          0          0          0        140   dnaninf.o
        12          0          0          0          0        116   dretinf.o
       108          0          0          0          0        128   drleqf.o
       408         56          0          0          0        168   dsqrt_umaal.o
        86          4          0          0          0        132   f2d.o
       140          4          0          0          0        132   fnaninf.o
        10          0          0          0          0        116   fpinit.o
       100          0          0          0          0        116   retnan.o
        92          0          0          0          0        116   scalbn.o
        48          0          0          0          0        116   trapv.o
         0          0          0          0          0          0   usenofp.o
       164         44          0          0          0        620   dunder.o
        24          0          0          0          0        124   fabs.o
        48          0          0          0          0        124   fpclassify.o
       248          0          0          0          0        152   poly.o
      3152        296        136          0          0        352   pow.o
         0          0          8          0          0          0   qnan.o
       110          0          0          0          0        148   sqrt.o

    ----------------------------------------------------------------------
      7678        612        144          0         96       5580   Library Totals
        18          0          0          0          0          0   (incl. Padding)

    ----------------------------------------------------------------------

      Code (inc. data)   RO Data    RW Data    ZI Data      Debug   Library Name

       448         20          0          0         96        832   c_w.l
      3466        252          0          0          0       3228   fz_wm.l
      3746        340        144          0          0       1520   m_wm.l

    ----------------------------------------------------------------------
      7678        612        144          0         96       5580   Library Totals

    ----------------------------------------------------------------------

==============================================================================


      Code (inc. data)   RO Data    RW Data    ZI Data      Debug   

     22720       1834       3496        688       3976     408814   Grand Totals
     22720       1834       3496        268       3976     408814   ELF Image Totals (compressed)
     22720       1834       3496        268          0          0   ROM Totals

==============================================================================

    Total RO  Size (Code + RO Data)                26216 (  25.60kB)
    Total RW  Size (RW Data + ZI Data)              4664 (   4.55kB)
    Total ROM Size (Code + RO Data + RW Data)      26484 (  25.86kB)

==============================================================================

